Archive member included because of file (symbol)

archival/lib.a(bbunzip.o)     applets/built-in.o (unlzma_main)
archival/lib.a(gzip.o)        applets/built-in.o (gzip_main)
archival/lib.a(tar.o)         applets/built-in.o (tar_main)
archival/lib.a(unzip.o)       applets/built-in.o (unzip_main)
archival/libunarchive/lib.a(check_header_gzip.o)
                              archival/lib.a(bbunzip.o) (check_header_gzip_or_die)
archival/libunarchive/lib.a(data_extract_all.o)
                              archival/lib.a(tar.o) (data_extract_all)
archival/libunarchive/lib.a(data_extract_to_stdout.o)
                              archival/lib.a(tar.o) (data_extract_to_stdout)
archival/libunarchive/lib.a(data_skip.o)
                              archival/libunarchive/lib.a(data_extract_all.o) (data_skip)
archival/libunarchive/lib.a(decompress_bunzip2.o)
                              archival/lib.a(bbunzip.o) (uncompressStream)
archival/libunarchive/lib.a(decompress_unlzma.o)
                              archival/lib.a(bbunzip.o) (unlzma)
archival/libunarchive/lib.a(decompress_unzip.o)
                              archival/lib.a(bbunzip.o) (inflate_gunzip)
archival/libunarchive/lib.a(filter_accept_reject_list.o)
                              archival/lib.a(tar.o) (filter_accept_reject_list)
archival/libunarchive/lib.a(find_list_entry.o)
                              archival/libunarchive/lib.a(filter_accept_reject_list.o) (find_list_entry2)
archival/libunarchive/lib.a(get_header_tar.o)
                              archival/lib.a(tar.o) (get_header_tar)
archival/libunarchive/lib.a(get_header_tar_bz2.o)
                              archival/lib.a(tar.o) (get_header_tar_bz2)
archival/libunarchive/lib.a(get_header_tar_gz.o)
                              archival/lib.a(tar.o) (get_header_tar_gz)
archival/libunarchive/lib.a(get_header_tar_lzma.o)
                              archival/lib.a(tar.o) (get_header_tar_lzma)
archival/libunarchive/lib.a(header_list.o)
                              archival/lib.a(tar.o) (header_list)
archival/libunarchive/lib.a(header_verbose_list.o)
                              archival/lib.a(tar.o) (header_verbose_list)
archival/libunarchive/lib.a(init_handle.o)
                              archival/lib.a(tar.o) (init_handle)
archival/libunarchive/lib.a(open_transformer.o)
                              archival/libunarchive/lib.a(get_header_tar_bz2.o) (open_transformer)
archival/libunarchive/lib.a(seek_by_jump.o)
                              archival/libunarchive/lib.a(init_handle.o) (seek_by_jump)
archival/libunarchive/lib.a(seek_by_read.o)
                              archival/lib.a(tar.o) (seek_by_read)
archival/libunarchive/lib.a(data_align.o)
                              archival/libunarchive/lib.a(get_header_tar.o) (data_align)
archival/libunarchive/lib.a(filter_accept_all.o)
                              archival/libunarchive/lib.a(init_handle.o) (filter_accept_all)
archival/libunarchive/lib.a(header_skip.o)
                              archival/libunarchive/lib.a(init_handle.o) (header_skip)
console-tools/lib.a(chvt.o)   applets/built-in.o (chvt_main)
console-tools/lib.a(clear.o)  applets/built-in.o (clear_main)
console-tools/lib.a(deallocvt.o)
                              applets/built-in.o (deallocvt_main)
console-tools/lib.a(openvt.o)
                              applets/built-in.o (openvt_main)
console-tools/lib.a(reset.o)  applets/built-in.o (reset_main)
console-tools/lib.a(setconsole.o)
                              applets/built-in.o (setconsole_main)
console-tools/lib.a(setlogcons.o)
                              applets/built-in.o (setlogcons_main)
coreutils/lib.a(basename.o)   applets/built-in.o (basename_main)
coreutils/lib.a(cat.o)        applets/built-in.o (cat_main)
coreutils/lib.a(catv.o)       applets/built-in.o (catv_main)
coreutils/lib.a(chmod.o)      applets/built-in.o (chmod_main)
coreutils/lib.a(chroot.o)     applets/built-in.o (chroot_main)
coreutils/lib.a(cksum.o)      applets/built-in.o (cksum_main)
coreutils/lib.a(cmp.o)        applets/built-in.o (cmp_main)
coreutils/lib.a(cp.o)         applets/built-in.o (cp_main)
coreutils/lib.a(cut.o)        applets/built-in.o (cut_main)
coreutils/lib.a(date.o)       applets/built-in.o (date_main)
coreutils/lib.a(dd.o)         applets/built-in.o (dd_main)
coreutils/lib.a(df.o)         applets/built-in.o (df_main)
coreutils/lib.a(diff.o)       applets/built-in.o (diff_main)
coreutils/lib.a(dirname.o)    applets/built-in.o (dirname_main)
coreutils/lib.a(dos2unix.o)   applets/built-in.o (dos2unix_main)
coreutils/lib.a(du.o)         applets/built-in.o (du_main)
coreutils/lib.a(echo.o)       applets/built-in.o (echo_main)
coreutils/lib.a(env.o)        applets/built-in.o (env_main)
coreutils/lib.a(expr.o)       applets/built-in.o (expr_main)
coreutils/lib.a(false.o)      applets/built-in.o (false_main)
coreutils/lib.a(fold.o)       applets/built-in.o (fold_main)
[...]
Memory Configuration

Name             Origin             Length             Attributes
*default*        0x00000000         0xffffffff

Linker script and memory map

LOAD /usr/lib/gcc/i386-redhat-linux/4.1.2/../../../crt1.o
LOAD /usr/lib/gcc/i386-redhat-linux/4.1.2/../../../crti.o
LOAD /usr/lib/gcc/i386-redhat-linux/4.1.2/crtbegin.o
START GROUP
LOAD applets/built-in.o
LOAD archival/lib.a
LOAD archival/libunarchive/lib.a
LOAD console-tools/lib.a
LOAD coreutils/lib.a
LOAD coreutils/libcoreutils/lib.a
LOAD debianutils/lib.a
LOAD e2fsprogs/lib.a
LOAD editors/lib.a
LOAD findutils/lib.a
LOAD init/lib.a
LOAD libbb/lib.a
LOAD libpwdgrp/lib.a
LOAD loginutils/lib.a
LOAD miscutils/lib.a
LOAD modutils/lib.a
LOAD networking/lib.a
LOAD networking/libiproute/lib.a
LOAD networking/udhcp/lib.a
LOAD procps/lib.a
LOAD runit/lib.a
LOAD selinux/lib.a
LOAD shell/lib.a
LOAD sysklogd/lib.a
LOAD util-linux/lib.a
LOAD archival/built-in.o
LOAD archival/libunarchive/built-in.o
LOAD console-tools/built-in.o
LOAD coreutils/built-in.o
LOAD coreutils/libcoreutils/built-in.o
LOAD debianutils/built-in.o
LOAD e2fsprogs/built-in.o
LOAD editors/built-in.o
LOAD findutils/built-in.o
LOAD init/built-in.o
LOAD libbb/built-in.o
LOAD libpwdgrp/built-in.o
LOAD loginutils/built-in.o
LOAD miscutils/built-in.o
LOAD modutils/built-in.o
LOAD networking/built-in.o
LOAD networking/libiproute/built-in.o
LOAD networking/udhcp/built-in.o
LOAD procps/built-in.o
LOAD runit/built-in.o
LOAD selinux/built-in.o
LOAD shell/built-in.o
LOAD sysklogd/built-in.o
LOAD util-linux/built-in.o
END GROUP
START GROUP
LOAD /usr/lib/gcc/i386-redhat-linux/4.1.2/../../../libcrypt.so
LOAD /usr/lib/gcc/i386-redhat-linux/4.1.2/../../../libm.so
END GROUP
LOAD /usr/lib/gcc/i386-redhat-linux/4.1.2/libgcc.a
LOAD /usr/lib/gcc/i386-redhat-linux/4.1.2/libgcc_s.so
LOAD /usr/lib/gcc/i386-redhat-linux/4.1.2/../../../libc.so
START GROUP
LOAD /lib/libc.so.6
LOAD /usr/lib/libc_nonshared.a
LOAD /lib/ld-linux.so.2
END GROUP
LOAD /usr/lib/gcc/i386-redhat-linux/4.1.2/libgcc.a
LOAD /usr/lib/gcc/i386-redhat-linux/4.1.2/libgcc_s.so
LOAD /usr/lib/gcc/i386-redhat-linux/4.1.2/crtend.o
LOAD /usr/lib/gcc/i386-redhat-linux/4.1.2/../../../crtn.o
                0x08048000                PROVIDE (__executable_start, 0x8048000)
                0x08048114                . = (0x8048000 + SIZEOF_HEADERS)

.interp         0x08048114       0x13
 *(.interp)
 .interp        0x08048114       0x13 /usr/lib/gcc/i386-redhat-linux/4.1.2/../../../crt1.o

.hash
 *(.hash)

.gnu.hash       0x08048128      0x16c
 *(.gnu.hash)
 .gnu.hash      0x08048128      0x16c /usr/lib/gcc/i386-redhat-linux/4.1.2/../../../crt1.o

.dynsym         0x08048294     0x1990
 *(.dynsym)
 .dynsym        0x08048294     0x1990 /usr/lib/gcc/i386-redhat-linux/4.1.2/../../../crt1.o

.dynstr         0x08049c24      0xdae
 *(.dynstr)
 .dynstr        0x08049c24      0xdae /usr/lib/gcc/i386-redhat-linux/4.1.2/../../../crt1.o

.gnu.version    0x0804a9d2      0x332
 *(.gnu.version)
 .gnu.version   0x0804a9d2      0x332 /usr/lib/gcc/i386-redhat-linux/4.1.2/../../../crt1.o

.gnu.version_d  0x0804ad04        0x0
 *(.gnu.version_d)
 .gnu.version_d
                0x00000000        0x0 /usr/lib/gcc/i386-redhat-linux/4.1.2/../../../crt1.o

.gnu.version_r  0x0804ad04       0xf0
 *(.gnu.version_r)
 .gnu.version_r
                0x0804ad04       0xf0 /usr/lib/gcc/i386-redhat-linux/4.1.2/../../../crt1.o

.rel.dyn        0x0804adf4       0x50
 *(.rel.init)
 *(.rel.text .rel.text.* .rel.gnu.linkonce.t.*)
 .rel.text      0x00000000        0x0 /usr/lib/gcc/i386-redhat-linux/4.1.2/../../../crt1.o
 .rel.text.applet_name_compare
                0x00000000        0x0 /usr/lib/gcc/i386-redhat-linux/4.1.2/../../../crt1.o
 .rel.text.find_applet_by_name
                0x00000000        0x0 /usr/lib/gcc/i386-redhat-linux/4.1.2/../../../crt1.o
 .rel.text.bb_show_usage
                0x00000000        0x0 /usr/lib/gcc/i386-redhat-linux/4.1.2/../../../crt1.o
 .rel.text.run_applet_by_name
                0x00000000        0x0 /usr/lib/gcc/i386-redhat-linux/4.1.2/../../../crt1.o
 .rel.text.busybox_main
                0x00000000        0x0 /usr/lib/gcc/i386-redhat-linux/4.1.2/../../../crt1.o
 .rel.text.main
                0x00000000        0x0 /usr/lib/gcc/i386-redhat-linux/4.1.2/../../../crt1.o
 .rel.text.unpack_unlzma
                0x00000000        0x0 /usr/lib/gcc/i386-redhat-linux/4.1.2/../../../crt1.o
 .rel.text.make_new_name_generic
                0x00000000        0x0 /usr/lib/gcc/i386-redhat-linux/4.1.2/../../../crt1.o
 .rel.text.unpack_gunzip
                0x00000000        0x0 /usr/lib/gcc/i386-redhat-linux/4.1.2/../../../crt1.o
 .rel.text.make_new_name_gunzip
                0x00000000        0x0 /usr/lib/gcc/i386-redhat-linux/4.1.2/../../../crt1.o
 .rel.text.unpack_bunzip2
                0x00000000        0x0 /usr/lib/gcc/i386-redhat-linux/4.1.2/../../../crt1.o
 .rel.text.open_to_or_warn
                0x00000000        0x0 /usr/lib/gcc/i386-redhat-linux/4.1.2/../../../crt1.o
 .rel.text.bbunpack
                0x00000000        0x0 /usr/lib/gcc/i386-redhat-linux/4.1.2/../../../crt1.o
 .rel.text.unlzma_main
                0x00000000        0x0 /usr/lib/gcc/i386-redhat-linux/4.1.2/../../../crt1.o
 .rel.text.gunzip_main
                0x00000000        0x0 /usr/lib/gcc/i386-redhat-linux/4.1.2/../../../crt1.o
 .rel.text.bunzip2_main
                0x00000000        0x0 /usr/lib/gcc/i386-redhat-linux/4.1.2/../../../crt1.o
 .rel.text.init_block
                0x00000000        0x0 /usr/lib/gcc/i386-redhat-linux/4.1.2/../../../crt1.o
 .rel.text.pqdownheap
                0x00000000        0x0 /usr/lib/gcc/i386-redhat-linux/4.1.2/../../../crt1.o
 .rel.text.gen_codes
                0x00000000        0x0 /usr/lib/gcc/i386-redhat-linux/4.1.2/../../../crt1.o
 .rel.text.build_tree
                0x00000000        0x0 /usr/lib/gcc/i386-redhat-linux/4.1.2/../../../crt1.o
 .rel.text.scan_tree
                0x00000000        0x0 /usr/lib/gcc/i386-redhat-linux/4.1.2/../../../crt1.o
 .rel.text.ct_tally
                0x00000000        0x0 /usr/lib/gcc/i386-redhat-linux/4.1.2/../../../crt1.o
 .rel.text.gzip_main
                0x00000000        0x0 /usr/lib/gcc/i386-redhat-linux/4.1.2/../../../crt1.o
 .rel.text.file_read
                0x00000000        0x0 /usr/lib/gcc/i386-redhat-linux/4.1.2/../../../crt1.o
 .rel.text.fill_window
                0x00000000        0x0 /usr/lib/gcc/i386-redhat-linux/4.1.2/../../../crt1.o
 .rel.text.flush_outbuf
                0x00000000        0x0 /usr/lib/gcc/i386-redhat-linux/4.1.2/../../../crt1.o
 .rel.text.put_16bit
                0x00000000        0x0 /usr/lib/gcc/i386-redhat-linux/4.1.2/../../../crt1.o
 .rel.text.bi_windup
                0x00000000        0x0 /usr/lib/gcc/i386-redhat-linux/4.1.2/../../../crt1.o
 .rel.text.send_bits
                0x00000000        0x0 /usr/lib/gcc/i386-redhat-linux/4.1.2/../../../crt1.o
 .rel.text.compress_block
                0x00000000        0x0 /usr/lib/gcc/i386-redhat-linux/4.1.2/../../../crt1.o
 .rel.text.send_tree
                0x00000000        0x0 /usr/lib/gcc/i386-redhat-linux/4.1.2/../../../crt1.o
 .rel.text.flush_block
                0x00000000        0x0 /usr/lib/gcc/i386-redhat-linux/4.1.2/../../../crt1.o
 .rel.text.pack_gzip
                0x00000000        0x0 /usr/lib/gcc/i386-redhat-linux/4.1.2/../../../crt1.o
 .rel.text.make_new_name_gzip
                0x00000000        0x0 /usr/lib/gcc/i386-redhat-linux/4.1.2/../../../crt1.o
 .rel.text.writeTarFile
                0x00000000        0x0 /usr/lib/gcc/i386-redhat-linux/4.1.2/../../../crt1.o
 .rel.text.tar_main
                0x00000000        0x0 /usr/lib/gcc/i386-redhat-linux/4.1.2/../../../crt1.o
 .rel.text.putOctal
                0x00000000        0x0 /usr/lib/gcc/i386-redhat-linux/4.1.2/../../../crt1.o
 .rel.text.chksum_and_xwrite
                0x00000000        0x0 /usr/lib/gcc/i386-redhat-linux/4.1.2/../../../crt1.o
 .rel.text.writeLongname
                0x00000000        0x0 /usr/lib/gcc/i386-redhat-linux/4.1.2/../../../crt1.o
 .rel.text.writeFileToTarball
                0x00000000        0x0 /usr/lib/gcc/i386-redhat-linux/4.1.2/../../../crt1.o
 .rel.text.unzip_create_leading_dirs
                0x00000000        0x0 /usr/lib/gcc/i386-redhat-linux/4.1.2/../../../crt1.o
 .rel.text.unzip_skip
                0x00000000        0x0 /usr/lib/gcc/i386-redhat-linux/4.1.2/../../../crt1.o
 .rel.text.unzip_main
                0x00000000        0x0 /usr/lib/gcc/i386-redhat-linux/4.1.2/../../../crt1.o
 .rel.text.check_header_gzip_or_die
                0x00000000        0x0 /usr/lib/gcc/i386-redhat-linux/4.1.2/../../../crt1.o
 .rel.text.data_extract_all
                0x00000000        0x0 /usr/lib/gcc/i386-redhat-linux/4.1.2/../../../crt1.o
 .rel.text.data_extract_to_stdout
                0x00000000        0x0 /usr/lib/gcc/i386-redhat-linux/4.1.2/../../../crt1.o
 .rel.text.get_bits
                0x00000000        0x0 /usr/lib/gcc/i386-redhat-linux/4.1.2/../../../crt1.o
 .rel.text.start_bunzip
                0x00000000        0x0 /usr/lib/gcc/i386-redhat-linux/4.1.2/../../../crt1.o
 .rel.text.get_next_block
                0x00000000        0x0 /usr/lib/gcc/i386-redhat-linux/4.1.2/../../../crt1.o
 .rel.text.uncompressStream
                0x00000000        0x0 /usr/lib/gcc/i386-redhat-linux/4.1.2/../../../crt1.o
 .rel.text.rc_read
                0x00000000        0x0 /usr/lib/gcc/i386-redhat-linux/4.1.2/../../../crt1.o
 .rel.text.unlzma
                0x00000000        0x0 /usr/lib/gcc/i386-redhat-linux/4.1.2/../../../crt1.o
 .rel.text.huft_free
                0x00000000        0x0 /usr/lib/gcc/i386-redhat-linux/4.1.2/../../../crt1.o
 .rel.text.alloc_state
                0x00000000        0x0 /usr/lib/gcc/i386-redhat-linux/4.1.2/../../../crt1.o
 .rel.text.fill_bitbuffer
                0x00000000        0x0 /usr/lib/gcc/i386-redhat-linux/4.1.2/../../../crt1.o
 .rel.text.huft_build
                0x00000000        0x0 /usr/lib/gcc/i386-redhat-linux/4.1.2/../../../crt1.o
 .rel.text.inflate_unzip_internal
                0x00000000        0x0 /usr/lib/gcc/i386-redhat-linux/4.1.2/../../../crt1.o
 .rel.text.inflate_gunzip
                0x00000000        0x0 /usr/lib/gcc/i386-redhat-linux/4.1.2/../../../crt1.o
 .rel.text.inflate_unzip
                0x00000000        0x0 /usr/lib/gcc/i386-redhat-linux/4.1.2/../../../crt1.o
 .rel.text.filter_accept_reject_list
                0x00000000        0x0 /usr/lib/gcc/i386-redhat-linux/4.1.2/../../../crt1.o
 .rel.text.find_list_entry2
                0x00000000        0x0 /usr/lib/gcc/i386-redhat-linux/4.1.2/../../../crt1.o
 .rel.text.find_list_entry
                0x00000000        0x0 /usr/lib/gcc/i386-redhat-linux/4.1.2/../../../crt1.o
 .rel.text.getOctal
                0x00000000        0x0 /usr/lib/gcc/i386-redhat-linux/4.1.2/../../../crt1.o
 .rel.text.get_header_tar
                0x00000000        0x0 /usr/lib/gcc/i386-redhat-linux/4.1.2/../../../crt1.o
 .rel.text.get_header_tar_bz2
                0x00000000        0x0 /usr/lib/gcc/i386-redhat-linux/4.1.2/../../../crt1.o
 .rel.text.get_header_tar_gz
                0x00000000        0x0 /usr/lib/gcc/i386-redhat-linux/4.1.2/../../../crt1.o
 .rel.text.get_header_tar_lzma
                0x00000000        0x0 /usr/lib/gcc/i386-redhat-linux/4.1.2/../../../crt1.o
 .rel.text.header_list
                0x00000000        0x0 /usr/lib/gcc/i386-redhat-linux/4.1.2/../../../crt1.o
 .rel.text.header_verbose_list
                0x00000000        0x0 /usr/lib/gcc/i386-redhat-linux/4.1.2/../../../crt1.o
 .rel.text.init_handle
                0x00000000        0x0 /usr/lib/gcc/i386-redhat-linux/4.1.2/../../../crt1.o
 .rel.text.open_transformer
                0x00000000        0x0 /usr/lib/gcc/i386-redhat-linux/4.1.2/../../../crt1.o
 .rel.text.seek_by_jump
                0x00000000        0x0 /usr/lib/gcc/i386-redhat-linux/4.1.2/../../../crt1.o
 .rel.text.seek_by_read
                0x00000000        0x0 /usr/lib/gcc/i386-redhat-linux/4.1.2/../../../crt1.o
 .rel.text.data_align
                0x00000000        0x0 /usr/lib/gcc/i386-redhat-linux/4.1.2/../../../crt1.o
 .rel.text.chvt_main
                0x00000000        0x0 /usr/lib/gcc/i386-redhat-linux/4.1.2/../../../crt1.o
 .rel.text.clear_main
                0x00000000        0x0 /usr/lib/gcc/i386-redhat-linux/4.1.2/../../../crt1.o
 .rel.text.deallocvt_main
                0x00000000        0x0 /usr/lib/gcc/i386-redhat-linux/4.1.2/../../../crt1.o
 .rel.text.openvt_main
                0x00000000        0x0 /usr/lib/gcc/i386-redhat-linux/4.1.2/../../../crt1.o
 .rel.text.reset_main
                0x00000000        0x0 /usr/lib/gcc/i386-redhat-linux/4.1.2/../../../crt1.o
 .rel.text.setconsole_main
                0x00000000        0x0 /usr/lib/gcc/i386-redhat-linux/4.1.2/../../../crt1.o
 .rel.text.setlogcons_main
                0x00000000        0x0 /usr/lib/gcc/i386-redhat-linux/4.1.2/../../../crt1.o
 .rel.text.basename_main
                0x00000000        0x0 /usr/lib/gcc/i386-redhat-linux/4.1.2/../../../crt1.o
 .rel.text.bb_cat
                0x00000000        0x0 /usr/lib/gcc/i386-redhat-linux/4.1.2/../../../crt1.o
 .rel.text.cat_main
                0x00000000        0x0 /usr/lib/gcc/i386-redhat-linux/4.1.2/../../../crt1.o
 .rel.text.catv_main
                0x00000000        0x0 /usr/lib/gcc/i386-redhat-linux/4.1.2/../../../crt1.o
 .rel.text.chmod_main
                0x00000000        0x0 /usr/lib/gcc/i386-redhat-linux/4.1.2/../../../crt1.o
 .rel.text.fileAction
                0x00000000        0x0 /usr/lib/gcc/i386-redhat-linux/4.1.2/../../../crt1.o
 .rel.text.chroot_main
                0x00000000        0x0 /usr/lib/gcc/i386-redhat-linux/4.1.2/../../../crt1.o
 .rel.text.cksum_main
                0x00000000        0x0 /usr/lib/gcc/i386-redhat-linux/4.1.2/../../../crt1.o
 .rel.text.cmp_xfopen_input
                0x00000000        0x0 /usr/lib/gcc/i386-redhat-linux/4.1.2/../../../crt1.o
 .rel.text.cmp_main
                0x00000000        0x0 /usr/lib/gcc/i386-redhat-linux/4.1.2/../../../crt1.o
 .rel.text.cp_main
                0x00000000        0x0 /usr/lib/gcc/i386-redhat-linux/4.1.2/../../../crt1.o
 .rel.text.cut_file
                0x00000000        0x0 /usr/lib/gcc/i386-redhat-linux/4.1.2/../../../crt1.o
 .rel.text.cut_main
                0x00000000        0x0 /usr/lib/gcc/i386-redhat-linux/4.1.2/../../../crt1.o
 .rel.text.maybe_set_utc
                0x00000000        0x0 /usr/lib/gcc/i386-redhat-linux/4.1.2/../../../crt1.o
 .rel.text.date_main
                0x00000000        0x0 /usr/lib/gcc/i386-redhat-linux/4.1.2/../../../crt1.o
 .rel.text.full_write_or_warn
                0x00000000        0x0 /usr/lib/gcc/i386-redhat-linux/4.1.2/../../../crt1.o
 .rel.text.dd_output_status
                0x00000000        0x0 /usr/lib/gcc/i386-redhat-linux/4.1.2/../../../crt1.o
 .rel.text.dd_main
                0x00000000        0x0 /usr/lib/gcc/i386-redhat-linux/4.1.2/../../../crt1.o
 .rel.text.df_main
                0x00000000        0x0 /usr/lib/gcc/i386-redhat-linux/4.1.2/../../../crt1.o
 .rel.text.dir_strcmp
                0x00000000        0x0 /usr/lib/gcc/i386-redhat-linux/4.1.2/../../../crt1.o
 .rel.text.newcand
                0x00000000        0x0 /usr/lib/gcc/i386-redhat-linux/4.1.2/../../../crt1.o
 .rel.text.add_to_dirlist
                0x00000000        0x0 /usr/lib/gcc/i386-redhat-linux/4.1.2/../../../crt1.o
 .rel.text.get_dir
                0x00000000        0x0 /usr/lib/gcc/i386-redhat-linux/4.1.2/../../../crt1.o
 .rel.text.uni_range
                0x00000000        0x0 /usr/lib/gcc/i386-redhat-linux/4.1.2/../../../crt1.o
 .rel.text.print_only
                0x00000000        0x0 /usr/lib/gcc/i386-redhat-linux/4.1.2/../../../crt1.o
 .rel.text.print_status
                0x00000000        0x0 /usr/lib/gcc/i386-redhat-linux/4.1.2/../../../crt1.o
 .rel.text.asciifile
                0x00000000        0x0 /usr/lib/gcc/i386-redhat-linux/4.1.2/../../../crt1.o
 .rel.text.skipline
                0x00000000        0x0 /usr/lib/gcc/i386-redhat-linux/4.1.2/../../../crt1.o
 .rel.text.prepare
                0x00000000        0x0 /usr/lib/gcc/i386-redhat-linux/4.1.2/../../../crt1.o
 .rel.text.fetch
                0x00000000        0x0 /usr/lib/gcc/i386-redhat-linux/4.1.2/../../../crt1.o
 .rel.text.dump_unified_vec
                0x00000000        0x0 /usr/lib/gcc/i386-redhat-linux/4.1.2/../../../crt1.o
 .rel.text.change
                0x00000000        0x0 /usr/lib/gcc/i386-redhat-linux/4.1.2/../../../crt1.o
 .rel.text.diffreg
                0x00000000        0x0 /usr/lib/gcc/i386-redhat-linux/4.1.2/../../../crt1.o
 .rel.text.do_diff
                0x00000000        0x0 /usr/lib/gcc/i386-redhat-linux/4.1.2/../../../crt1.o
 .rel.text.diff_main
                0x00000000        0x0 /usr/lib/gcc/i386-redhat-linux/4.1.2/../../../crt1.o
 .rel.text.dirname_main
                0x00000000        0x0 /usr/lib/gcc/i386-redhat-linux/4.1.2/../../../crt1.o
 .rel.text.convert
                0x00000000        0x0 /usr/lib/gcc/i386-redhat-linux/4.1.2/../../../crt1.o
 .rel.text.dos2unix_main
                0x00000000        0x0 /usr/lib/gcc/i386-redhat-linux/4.1.2/../../../crt1.o
 .rel.text.print
                0x00000000        0x0 /usr/lib/gcc/i386-redhat-linux/4.1.2/../../../crt1.o
 .rel.text.du   0x00000000        0x0 /usr/lib/gcc/i386-redhat-linux/4.1.2/../../../crt1.o
 .rel.text.du_main
                0x00000000        0x0 /usr/lib/gcc/i386-redhat-linux/4.1.2/../../../crt1.o
 .rel.text.bb_echo
                0x00000000        0x0 /usr/lib/gcc/i386-redhat-linux/4.1.2/../../../crt1.o
 .rel.text.echo_main
                0x00000000        0x0 /usr/lib/gcc/i386-redhat-linux/4.1.2/../../../crt1.o
 .rel.text.env_main
                0x00000000        0x0 /usr/lib/gcc/i386-redhat-linux/4.1.2/../../../crt1.o
 .rel.text.int_value
                0x00000000        0x0 /usr/lib/gcc/i386-redhat-linux/4.1.2/../../../crt1.o
 .rel.text.tostring
                0x00000000        0x0 /usr/lib/gcc/i386-redhat-linux/4.1.2/../../../crt1.o
 .rel.text.str_value
                0x00000000        0x0 /usr/lib/gcc/i386-redhat-linux/4.1.2/../../../crt1.o
 .rel.text.docolon
                0x00000000        0x0 /usr/lib/gcc/i386-redhat-linux/4.1.2/../../../crt1.o
 .rel.text.toarith
                0x00000000        0x0 /usr/lib/gcc/i386-redhat-linux/4.1.2/../../../crt1.o
 .rel.text.arithmetic_common
                0x00000000        0x0 /usr/lib/gcc/i386-redhat-linux/4.1.2/../../../crt1.o
 .rel.text.freev
                0x00000000        0x0 /usr/lib/gcc/i386-redhat-linux/4.1.2/../../../crt1.o
 .rel.text.nextarg
                0x00000000        0x0 /usr/lib/gcc/i386-redhat-linux/4.1.2/../../../crt1.o
 .rel.text.eval6
                0x00000000        0x0 /usr/lib/gcc/i386-redhat-linux/4.1.2/../../../crt1.o
 .rel.text.eval2
                0x00000000        0x0 /usr/lib/gcc/i386-redhat-linux/4.1.2/../../../crt1.o
 .rel.text.expr_main
                0x00000000        0x0 /usr/lib/gcc/i386-redhat-linux/4.1.2/../../../crt1.o
 .rel.text.fold_main
                0x00000000        0x0 /usr/lib/gcc/i386-redhat-linux/4.1.2/../../../crt1.o
 .rel.text.head_main
                0x00000000        0x0 /usr/lib/gcc/i386-redhat-linux/4.1.2/../../../crt1.o
 .rel.text.hostid_main
                0x00000000        0x0 /usr/lib/gcc/i386-redhat-linux/4.1.2/../../../crt1.o
 .rel.text.printf_full
                0x00000000        0x0 /usr/lib/gcc/i386-redhat-linux/4.1.2/../../../crt1.o
 .rel.text.id_main
                0x00000000        0x0 /usr/lib/gcc/i386-redhat-linux/4.1.2/../../../crt1.o
 .rel.text.install_main
                0x00000000        0x0 /usr/lib/gcc/i386-redhat-linux/4.1.2/../../../crt1.o
 .rel.text.length_main
                0x00000000        0x0 /usr/lib/gcc/i386-redhat-linux/4.1.2/../../../crt1.o
 .rel.text.ln_main
                0x00000000        0x0 /usr/lib/gcc/i386-redhat-linux/4.1.2/../../../crt1.o
 .rel.text.logname_main
                0x00000000        0x0 /usr/lib/gcc/i386-redhat-linux/4.1.2/../../../crt1.o
 .rel.text.sortcmp
                0x00000000        0x0 /usr/lib/gcc/i386-redhat-linux/4.1.2/../../../crt1.o
 .rel.text.my_stat
                0x00000000        0x0 /usr/lib/gcc/i386-redhat-linux/4.1.2/../../../crt1.o
 .rel.text.dnalloc
                0x00000000        0x0 /usr/lib/gcc/i386-redhat-linux/4.1.2/../../../crt1.o
 .rel.text.fgcolor
                0x00000000        0x0 /usr/lib/gcc/i386-redhat-linux/4.1.2/../../../crt1.o
 .rel.text.showfiles
                0x00000000        0x0 /usr/lib/gcc/i386-redhat-linux/4.1.2/../../../crt1.o
 .rel.text.dnsort
                0x00000000        0x0 /usr/lib/gcc/i386-redhat-linux/4.1.2/../../../crt1.o
 .rel.text.showdirs
                0x00000000        0x0 /usr/lib/gcc/i386-redhat-linux/4.1.2/../../../crt1.o
 .rel.text.ls_main
                0x00000000        0x0 /usr/lib/gcc/i386-redhat-linux/4.1.2/../../../crt1.o
 .rel.text.hash_file
                0x00000000        0x0 /usr/lib/gcc/i386-redhat-linux/4.1.2/../../../crt1.o
 .rel.text.md5_sha1_sum_main
                0x00000000        0x0 /usr/lib/gcc/i386-redhat-linux/4.1.2/../../../crt1.o
 .rel.text.mkdir_main
                0x00000000        0x0 /usr/lib/gcc/i386-redhat-linux/4.1.2/../../../crt1.o
 .rel.text.mkfifo_main
                0x00000000        0x0 /usr/lib/gcc/i386-redhat-linux/4.1.2/../../../crt1.o
 .rel.text.mknod_main
                0x00000000        0x0 /usr/lib/gcc/i386-redhat-linux/4.1.2/../../../crt1.o
 .rel.text.mv_main
                0x00000000        0x0 /usr/lib/gcc/i386-redhat-linux/4.1.2/../../../crt1.o
 .rel.text.nice_main
                0x00000000        0x0 /usr/lib/gcc/i386-redhat-linux/4.1.2/../../../crt1.o
 .rel.text.nohup_main
                0x00000000        0x0 /usr/lib/gcc/i386-redhat-linux/4.1.2/../../../crt1.o
 .rel.text.od_main
                0x00000000        0x0 /usr/lib/gcc/i386-redhat-linux/4.1.2/../../../crt1.o
 .rel.text.printenv_main
                0x00000000        0x0 /usr/lib/gcc/i386-redhat-linux/4.1.2/../../../crt1.o
 .rel.text.multiconvert
                0x00000000        0x0 /usr/lib/gcc/i386-redhat-linux/4.1.2/../../../crt1.o
 .rel.text.conv_strtoul
                0x00000000        0x0 /usr/lib/gcc/i386-redhat-linux/4.1.2/../../../crt1.o
 .rel.text.print_direc
                0x00000000        0x0 /usr/lib/gcc/i386-redhat-linux/4.1.2/../../../crt1.o
 .rel.text.printf_main
                0x00000000        0x0 /usr/lib/gcc/i386-redhat-linux/4.1.2/../../../crt1.o
 .rel.text.conv_strtol
                0x00000000        0x0 /usr/lib/gcc/i386-redhat-linux/4.1.2/../../../crt1.o
 .rel.text.conv_strtod
                0x00000000        0x0 /usr/lib/gcc/i386-redhat-linux/4.1.2/../../../crt1.o
 .rel.text.pwd_main
                0x00000000        0x0 /usr/lib/gcc/i386-redhat-linux/4.1.2/../../../crt1.o
 .rel.text.realpath_main
                0x00000000        0x0 /usr/lib/gcc/i386-redhat-linux/4.1.2/../../../crt1.o
 .rel.text.rm_main
                0x00000000        0x0 /usr/lib/gcc/i386-redhat-linux/4.1.2/../../../crt1.o
 .rel.text.rmdir_main
                0x00000000        0x0 /usr/lib/gcc/i386-redhat-linux/4.1.2/../../../crt1.o
 .rel.text.seq_main
                0x00000000        0x0 /usr/lib/gcc/i386-redhat-linux/4.1.2/../../../crt1.o
 .rel.text.sleep_main
                0x00000000        0x0 /usr/lib/gcc/i386-redhat-linux/4.1.2/../../../crt1.o
 .rel.text.str2u
                0x00000000        0x0 /usr/lib/gcc/i386-redhat-linux/4.1.2/../../../crt1.o
 .rel.text.add_key
                0x00000000        0x0 /usr/lib/gcc/i386-redhat-linux/4.1.2/../../../crt1.o
 .rel.text.get_key
                0x00000000        0x0 /usr/lib/gcc/i386-redhat-linux/4.1.2/../../../crt1.o
 .rel.text.compare_keys
                0x00000000        0x0 /usr/lib/gcc/i386-redhat-linux/4.1.2/../../../crt1.o
 .rel.text.sort_main
                0x00000000        0x0 /usr/lib/gcc/i386-redhat-linux/4.1.2/../../../crt1.o
 .rel.text.stat_main
                0x00000000        0x0 /usr/lib/gcc/i386-redhat-linux/4.1.2/../../../crt1.o
 .rel.text.print_it
                0x00000000        0x0 /usr/lib/gcc/i386-redhat-linux/4.1.2/../../../crt1.o
 .rel.text.do_stat
                0x00000000        0x0 /usr/lib/gcc/i386-redhat-linux/4.1.2/../../../crt1.o
 .rel.text.do_statfs
                0x00000000        0x0 /usr/lib/gcc/i386-redhat-linux/4.1.2/../../../crt1.o
 .rel.text.print_statfs
                0x00000000        0x0 /usr/lib/gcc/i386-redhat-linux/4.1.2/../../../crt1.o
 .rel.text.human_time
                0x00000000        0x0 /usr/lib/gcc/i386-redhat-linux/4.1.2/../../../crt1.o
 .rel.text.print_stat
                0x00000000        0x0 /usr/lib/gcc/i386-redhat-linux/4.1.2/../../../crt1.o
 .rel.text.set_control_char_or_die
                0x00000000        0x0 /usr/lib/gcc/i386-redhat-linux/4.1.2/../../../crt1.o
 .rel.text.find_control
                0x00000000        0x0 /usr/lib/gcc/i386-redhat-linux/4.1.2/../../../crt1.o
 .rel.text.find_mode
                0x00000000        0x0 /usr/lib/gcc/i386-redhat-linux/4.1.2/../../../crt1.o
 .rel.text.find_param
                0x00000000        0x0 /usr/lib/gcc/i386-redhat-linux/4.1.2/../../../crt1.o
 .rel.text.perror_on_device
                0x00000000        0x0 /usr/lib/gcc/i386-redhat-linux/4.1.2/../../../crt1.o
 .rel.text.wrapf
                0x00000000        0x0 /usr/lib/gcc/i386-redhat-linux/4.1.2/../../../crt1.o
 .rel.text.display_window_size
                0x00000000        0x0 /usr/lib/gcc/i386-redhat-linux/4.1.2/../../../crt1.o
 .rel.text.set_window_size
                0x00000000        0x0 /usr/lib/gcc/i386-redhat-linux/4.1.2/../../../crt1.o
 .rel.text.display_speed
                0x00000000        0x0 /usr/lib/gcc/i386-redhat-linux/4.1.2/../../../crt1.o
 .rel.text.recover_mode
                0x00000000        0x0 /usr/lib/gcc/i386-redhat-linux/4.1.2/../../../crt1.o
 .rel.text.set_speed_or_die
                0x00000000        0x0 /usr/lib/gcc/i386-redhat-linux/4.1.2/../../../crt1.o
 .rel.text.perror_on_device_and_die
                0x00000000        0x0 /usr/lib/gcc/i386-redhat-linux/4.1.2/../../../crt1.o
 .rel.text.stty_main
                0x00000000        0x0 /usr/lib/gcc/i386-redhat-linux/4.1.2/../../../crt1.o
 .rel.text.display_recoverable
                0x00000000        0x0 /usr/lib/gcc/i386-redhat-linux/4.1.2/../../../crt1.o
 .rel.text.sum_file
                0x00000000        0x0 /usr/lib/gcc/i386-redhat-linux/4.1.2/../../../crt1.o
 .rel.text.sum_main
                0x00000000        0x0 /usr/lib/gcc/i386-redhat-linux/4.1.2/../../../crt1.o
 .rel.text.sync_main
                0x00000000        0x0 /usr/lib/gcc/i386-redhat-linux/4.1.2/../../../crt1.o
 .rel.text.eat_num
                0x00000000        0x0 /usr/lib/gcc/i386-redhat-linux/4.1.2/../../../crt1.o
 .rel.text.tail_xprint_header
                0x00000000        0x0 /usr/lib/gcc/i386-redhat-linux/4.1.2/../../../crt1.o
 .rel.text.tail_read
                0x00000000        0x0 /usr/lib/gcc/i386-redhat-linux/4.1.2/../../../crt1.o
 .rel.text.tail_main
                0x00000000        0x0 /usr/lib/gcc/i386-redhat-linux/4.1.2/../../../crt1.o
 .rel.text.tee_main
                0x00000000        0x0 /usr/lib/gcc/i386-redhat-linux/4.1.2/../../../crt1.o
 .rel.text.t_lex
                0x00000000        0x0 /usr/lib/gcc/i386-redhat-linux/4.1.2/../../../crt1.o
 .rel.text.syntax
                0x00000000        0x0 /usr/lib/gcc/i386-redhat-linux/4.1.2/../../../crt1.o
 .rel.text.getn
                0x00000000        0x0 /usr/lib/gcc/i386-redhat-linux/4.1.2/../../../crt1.o
 .rel.text.binop
                0x00000000        0x0 /usr/lib/gcc/i386-redhat-linux/4.1.2/../../../crt1.o
 .rel.text.test_eaccess
                0x00000000        0x0 /usr/lib/gcc/i386-redhat-linux/4.1.2/../../../crt1.o
 .rel.text.nexpr
                0x00000000        0x0 /usr/lib/gcc/i386-redhat-linux/4.1.2/../../../crt1.o
 .rel.text.bb_test
                0x00000000        0x0 /usr/lib/gcc/i386-redhat-linux/4.1.2/../../../crt1.o
 .rel.text.touch_main
                0x00000000        0x0 /usr/lib/gcc/i386-redhat-linux/4.1.2/../../../crt1.o
 .rel.text.expand
                0x00000000        0x0 /usr/lib/gcc/i386-redhat-linux/4.1.2/../../../crt1.o
 .rel.text.tr_main
                0x00000000        0x0 /usr/lib/gcc/i386-redhat-linux/4.1.2/../../../crt1.o
 .rel.text.tty_main
                0x00000000        0x0 /usr/lib/gcc/i386-redhat-linux/4.1.2/../../../crt1.o
 .rel.text.uname_main
                0x00000000        0x0 /usr/lib/gcc/i386-redhat-linux/4.1.2/../../../crt1.o
 .rel.text.xgetoptfile_uniq_s
                0x00000000        0x0 /usr/lib/gcc/i386-redhat-linux/4.1.2/../../../crt1.o
 .rel.text.uniq_main
                0x00000000        0x0 /usr/lib/gcc/i386-redhat-linux/4.1.2/../../../crt1.o
 .rel.text.usleep_main
                0x00000000        0x0 /usr/lib/gcc/i386-redhat-linux/4.1.2/../../../crt1.o
 .rel.text.watch_main
                0x00000000        0x0 /usr/lib/gcc/i386-redhat-linux/4.1.2/../../../crt1.o
 .rel.text.wc_main
                0x00000000        0x0 /usr/lib/gcc/i386-redhat-linux/4.1.2/../../../crt1.o
 .rel.text.who_main
                0x00000000        0x0 /usr/lib/gcc/i386-redhat-linux/4.1.2/../../../crt1.o
 .rel.text.whoami_main
                0x00000000        0x0 /usr/lib/gcc/i386-redhat-linux/4.1.2/../../../crt1.o
 .rel.text.yes_main
                0x00000000        0x0 /usr/lib/gcc/i386-redhat-linux/4.1.2/../../../crt1.o
 .rel.text.cp_mv_stat2
                0x00000000        0x0 /usr/lib/gcc/i386-redhat-linux/4.1.2/../../../crt1.o
 .rel.text.cp_mv_stat
                0x00000000        0x0 /usr/lib/gcc/i386-redhat-linux/4.1.2/../../../crt1.o
 .rel.text.getopt_mk_fifo_nod
                0x00000000        0x0 /usr/lib/gcc/i386-redhat-linux/4.1.2/../../../crt1.o
 .rel.text.mktemp_main
                0x00000000        0x0 /usr/lib/gcc/i386-redhat-linux/4.1.2/../../../crt1.o
 .rel.text.pipe_progress_main
                0x00000000        0x0 /usr/lib/gcc/i386-redhat-linux/4.1.2/../../../crt1.o
 .rel.text.readlink_main
                0x00000000        0x0 /usr/lib/gcc/i386-redhat-linux/4.1.2/../../../crt1.o
 .rel.text.run_parts
                0x00000000        0x0 /usr/lib/gcc/i386-redhat-linux/4.1.2/../../../crt1.o
 .rel.text.run_parts_main
                0x00000000        0x0 /usr/lib/gcc/i386-redhat-linux/4.1.2/../../../crt1.o
 .rel.text.valid_name
                0x00000000        0x0 /usr/lib/gcc/i386-redhat-linux/4.1.2/../../../crt1.o
 .rel.text.check
                0x00000000        0x0 /usr/lib/gcc/i386-redhat-linux/4.1.2/../../../crt1.o
 .rel.text.do_procinit
                0x00000000        0x0 /usr/lib/gcc/i386-redhat-linux/4.1.2/../../../crt1.o
 .rel.text.start_stop_daemon_main
                0x00000000        0x0 /usr/lib/gcc/i386-redhat-linux/4.1.2/../../../crt1.o
 .rel.text.which_main
                0x00000000        0x0 /usr/lib/gcc/i386-redhat-linux/4.1.2/../../../crt1.o
 .rel.text.nvalloc
                0x00000000        0x0 /usr/lib/gcc/i386-redhat-linux/4.1.2/../../../crt1.o
 .rel.text.clrvar
                0x00000000        0x0 /usr/lib/gcc/i386-redhat-linux/4.1.2/../../../crt1.o
 .rel.text.clear_array
                0x00000000        0x0 /usr/lib/gcc/i386-redhat-linux/4.1.2/../../../crt1.o
 .rel.text.fsrealloc
                0x00000000        0x0 /usr/lib/gcc/i386-redhat-linux/4.1.2/../../../crt1.o
 .rel.text.qrealloc
                0x00000000        0x0 /usr/lib/gcc/i386-redhat-linux/4.1.2/../../../crt1.o
 .rel.text.new_node
                0x00000000        0x0 /usr/lib/gcc/i386-redhat-linux/4.1.2/../../../crt1.o
 .rel.text.chain_node
                0x00000000        0x0 /usr/lib/gcc/i386-redhat-linux/4.1.2/../../../crt1.o
 .rel.text.hash_init
                0x00000000        0x0 /usr/lib/gcc/i386-redhat-linux/4.1.2/../../../crt1.o
 .rel.text.mk_re_node
                0x00000000        0x0 /usr/lib/gcc/i386-redhat-linux/4.1.2/../../../crt1.o
 .rel.text.mk_splitter
                0x00000000        0x0 /usr/lib/gcc/i386-redhat-linux/4.1.2/../../../crt1.o
 .rel.text.getvar_i
                0x00000000        0x0 /usr/lib/gcc/i386-redhat-linux/4.1.2/../../../crt1.o
 .rel.text.hash_remove
                0x00000000        0x0 /usr/lib/gcc/i386-redhat-linux/4.1.2/../../../crt1.o
 .rel.text.hash_search
                0x00000000        0x0 /usr/lib/gcc/i386-redhat-linux/4.1.2/../../../crt1.o
 .rel.text.hash_find
                0x00000000        0x0 /usr/lib/gcc/i386-redhat-linux/4.1.2/../../../crt1.o
 .rel.text.nextchar
                0x00000000        0x0 /usr/lib/gcc/i386-redhat-linux/4.1.2/../../../crt1.o
 .rel.text.afopen
                0x00000000        0x0 /usr/lib/gcc/i386-redhat-linux/4.1.2/../../../crt1.o
 .rel.text.syntax_error
                0x00000000        0x0 /usr/lib/gcc/i386-redhat-linux/4.1.2/../../../crt1.o
 .rel.text.fmt_num
                0x00000000        0x0 /usr/lib/gcc/i386-redhat-linux/4.1.2/../../../crt1.o
 .rel.text.getvar_s
                0x00000000        0x0 /usr/lib/gcc/i386-redhat-linux/4.1.2/../../../crt1.o
 .rel.text.handle_special
                0x00000000        0x0 /usr/lib/gcc/i386-redhat-linux/4.1.2/../../../crt1.o
 .rel.text.copyvar
                0x00000000        0x0 /usr/lib/gcc/i386-redhat-linux/4.1.2/../../../crt1.o
 .rel.text.setvar_s
                0x00000000        0x0 /usr/lib/gcc/i386-redhat-linux/4.1.2/../../../crt1.o
 .rel.text.awk_getline
                0x00000000        0x0 /usr/lib/gcc/i386-redhat-linux/4.1.2/../../../crt1.o
 .rel.text.is_assignment
                0x00000000        0x0 /usr/lib/gcc/i386-redhat-linux/4.1.2/../../../crt1.o
 .rel.text.next_input_file
                0x00000000        0x0 /usr/lib/gcc/i386-redhat-linux/4.1.2/../../../crt1.o
 .rel.text.setari_u
                0x00000000        0x0 /usr/lib/gcc/i386-redhat-linux/4.1.2/../../../crt1.o
 .rel.text.awk_split
                0x00000000        0x0 /usr/lib/gcc/i386-redhat-linux/4.1.2/../../../crt1.o
 .rel.text.split_f0
                0x00000000        0x0 /usr/lib/gcc/i386-redhat-linux/4.1.2/../../../crt1.o
 .rel.text.next_token
                0x00000000        0x0 /usr/lib/gcc/i386-redhat-linux/4.1.2/../../../crt1.o
 .rel.text.parse_expr
                0x00000000        0x0 /usr/lib/gcc/i386-redhat-linux/4.1.2/../../../crt1.o
 .rel.text.nvfree
                0x00000000        0x0 /usr/lib/gcc/i386-redhat-linux/4.1.2/../../../crt1.o
 .rel.text.awk_exit
                0x00000000        0x0 /usr/lib/gcc/i386-redhat-linux/4.1.2/../../../crt1.o
 .rel.text.evaluate
                0x00000000        0x0 /usr/lib/gcc/i386-redhat-linux/4.1.2/../../../crt1.o
 .rel.text.awk_main
                0x00000000        0x0 /usr/lib/gcc/i386-redhat-linux/4.1.2/../../../crt1.o
 .rel.text.awk_printf
                0x00000000        0x0 /usr/lib/gcc/i386-redhat-linux/4.1.2/../../../crt1.o
 .rel.text.as_regex
                0x00000000        0x0 /usr/lib/gcc/i386-redhat-linux/4.1.2/../../../crt1.o
 .rel.text.awk_sub
                0x00000000        0x0 /usr/lib/gcc/i386-redhat-linux/4.1.2/../../../crt1.o
 .rel.text.index_of_next_unescaped_regexp_delim
                0x00000000        0x0 /usr/lib/gcc/i386-redhat-linux/4.1.2/../../../crt1.o
 .rel.text.copy_parsing_escapes
                0x00000000        0x0 /usr/lib/gcc/i386-redhat-linux/4.1.2/../../../crt1.o
 .rel.text.parse_regex_delim
                0x00000000        0x0 /usr/lib/gcc/i386-redhat-linux/4.1.2/../../../crt1.o
 .rel.text.get_address
                0x00000000        0x0 /usr/lib/gcc/i386-redhat-linux/4.1.2/../../../crt1.o
 .rel.text.parse_file_cmd
                0x00000000        0x0 /usr/lib/gcc/i386-redhat-linux/4.1.2/../../../crt1.o
 .rel.text.add_cmd
                0x00000000        0x0 /usr/lib/gcc/i386-redhat-linux/4.1.2/../../../crt1.o
 .rel.text.add_files_link
                0x00000000        0x0 /usr/lib/gcc/i386-redhat-linux/4.1.2/../../../crt1.o
 .rel.text.add_cmd_block
                0x00000000        0x0 /usr/lib/gcc/i386-redhat-linux/4.1.2/../../../crt1.o
 .rel.text.add_cmds_link
                0x00000000        0x0 /usr/lib/gcc/i386-redhat-linux/4.1.2/../../../crt1.o
 .rel.text.add_input_file
                0x00000000        0x0 /usr/lib/gcc/i386-redhat-linux/4.1.2/../../../crt1.o
 .rel.text.pipe_putc
                0x00000000        0x0 /usr/lib/gcc/i386-redhat-linux/4.1.2/../../../crt1.o
 .rel.text.append
                0x00000000        0x0 /usr/lib/gcc/i386-redhat-linux/4.1.2/../../../crt1.o
 .rel.text.puts_maybe_newline
                0x00000000        0x0 /usr/lib/gcc/i386-redhat-linux/4.1.2/../../../crt1.o
 .rel.text.flush_append
                0x00000000        0x0 /usr/lib/gcc/i386-redhat-linux/4.1.2/../../../crt1.o
 .rel.text.get_next_line
                0x00000000        0x0 /usr/lib/gcc/i386-redhat-linux/4.1.2/../../../crt1.o
 .rel.text.process_files
                0x00000000        0x0 /usr/lib/gcc/i386-redhat-linux/4.1.2/../../../crt1.o
 .rel.text.sed_main
                0x00000000        0x0 /usr/lib/gcc/i386-redhat-linux/4.1.2/../../../crt1.o
 .rel.text.cleanup_outname
                0x00000000        0x0 /usr/lib/gcc/i386-redhat-linux/4.1.2/../../../crt1.o
 .rel.text.show_help
                0x00000000        0x0 /usr/lib/gcc/i386-redhat-linux/4.1.2/../../../crt1.o
 .rel.text.rawmode
                0x00000000        0x0 /usr/lib/gcc/i386-redhat-linux/4.1.2/../../../crt1.o
 .rel.text.screen_erase
                0x00000000        0x0 /usr/lib/gcc/i386-redhat-linux/4.1.2/../../../crt1.o
 .rel.text.new_screen
                0x00000000        0x0 /usr/lib/gcc/i386-redhat-linux/4.1.2/../../../crt1.o
 .rel.text.new_text
                0x00000000        0x0 /usr/lib/gcc/i386-redhat-linux/4.1.2/../../../crt1.o
 .rel.text.file_size
                0x00000000        0x0 /usr/lib/gcc/i386-redhat-linux/4.1.2/../../../crt1.o
 .rel.text.psb  0x00000000        0x0 /usr/lib/gcc/i386-redhat-linux/4.1.2/../../../crt1.o
 .rel.text.psbs
                0x00000000        0x0 /usr/lib/gcc/i386-redhat-linux/4.1.2/../../../crt1.o
 .rel.text.ni   0x00000000        0x0 /usr/lib/gcc/i386-redhat-linux/4.1.2/../../../crt1.o
 .rel.text.text_hole_delete
                0x00000000        0x0 /usr/lib/gcc/i386-redhat-linux/4.1.2/../../../crt1.o
 .rel.text.text_hole_make
                0x00000000        0x0 /usr/lib/gcc/i386-redhat-linux/4.1.2/../../../crt1.o
 .rel.text.file_insert
                0x00000000        0x0 /usr/lib/gcc/i386-redhat-linux/4.1.2/../../../crt1.o
 .rel.text.write1
                0x00000000        0x0 /usr/lib/gcc/i386-redhat-linux/4.1.2/../../../crt1.o
 .rel.text.catch_sig
                0x00000000        0x0 /usr/lib/gcc/i386-redhat-linux/4.1.2/../../../crt1.o
 .rel.text.dot_skip_over_ws
                0x00000000        0x0 /usr/lib/gcc/i386-redhat-linux/4.1.2/../../../crt1.o
 .rel.text.mycmp
                0x00000000        0x0 /usr/lib/gcc/i386-redhat-linux/4.1.2/../../../crt1.o
 .rel.text.char_search
                0x00000000        0x0 /usr/lib/gcc/i386-redhat-linux/4.1.2/../../../crt1.o
 .rel.text.setops
                0x00000000        0x0 /usr/lib/gcc/i386-redhat-linux/4.1.2/../../../crt1.o
 .rel.text.get_one_address
                0x00000000        0x0 /usr/lib/gcc/i386-redhat-linux/4.1.2/../../../crt1.o
 .rel.text.text_yank
                0x00000000        0x0 /usr/lib/gcc/i386-redhat-linux/4.1.2/../../../crt1.o
 .rel.text.string_insert
                0x00000000        0x0 /usr/lib/gcc/i386-redhat-linux/4.1.2/../../../crt1.o
 .rel.text.file_write
                0x00000000        0x0 /usr/lib/gcc/i386-redhat-linux/4.1.2/../../../crt1.o
 .rel.text.cookmode
                0x00000000        0x0 /usr/lib/gcc/i386-redhat-linux/4.1.2/../../../crt1.o
 .rel.text.readit
                0x00000000        0x0 /usr/lib/gcc/i386-redhat-linux/4.1.2/../../../crt1.o
 .rel.text.get_one_char
                0x00000000        0x0 /usr/lib/gcc/i386-redhat-linux/4.1.2/../../../crt1.o
 .rel.text.mysleep
                0x00000000        0x0 /usr/lib/gcc/i386-redhat-linux/4.1.2/../../../crt1.o
 .rel.text.skip_thing
                0x00000000        0x0 /usr/lib/gcc/i386-redhat-linux/4.1.2/../../../crt1.o
 .rel.text.place_cursor
                0x00000000        0x0 /usr/lib/gcc/i386-redhat-linux/4.1.2/../../../crt1.o
 .rel.text.refresh
                0x00000000        0x0 /usr/lib/gcc/i386-redhat-linux/4.1.2/../../../crt1.o
 .rel.text.show_status_line
                0x00000000        0x0 /usr/lib/gcc/i386-redhat-linux/4.1.2/../../../crt1.o
 .rel.text.char_insert
                0x00000000        0x0 /usr/lib/gcc/i386-redhat-linux/4.1.2/../../../crt1.o
 .rel.text.winch_sig
                0x00000000        0x0 /usr/lib/gcc/i386-redhat-linux/4.1.2/../../../crt1.o
 .rel.text.get_input_line
                0x00000000        0x0 /usr/lib/gcc/i386-redhat-linux/4.1.2/../../../crt1.o
 .rel.text.colon
                0x00000000        0x0 /usr/lib/gcc/i386-redhat-linux/4.1.2/../../../crt1.o
 .rel.text.suspend_sig
                0x00000000        0x0 /usr/lib/gcc/i386-redhat-linux/4.1.2/../../../crt1.o
 .rel.text.do_cmd
                0x00000000        0x0 /usr/lib/gcc/i386-redhat-linux/4.1.2/../../../crt1.o
 .rel.text.find_range
                0x00000000        0x0 /usr/lib/gcc/i386-redhat-linux/4.1.2/../../../crt1.o
 .rel.text.edit_file
                0x00000000        0x0 /usr/lib/gcc/i386-redhat-linux/4.1.2/../../../crt1.o
 .rel.text.vi_main
                0x00000000        0x0 /usr/lib/gcc/i386-redhat-linux/4.1.2/../../../crt1.o
 .rel.text.cont_sig
                0x00000000        0x0 /usr/lib/gcc/i386-redhat-linux/4.1.2/../../../crt1.o
 .rel.text.alloc_action.7129
                0x00000000        0x0 /usr/lib/gcc/i386-redhat-linux/4.1.2/../../../crt1.o
 .rel.text.parse_params
                0x00000000        0x0 /usr/lib/gcc/i386-redhat-linux/4.1.2/../../../crt1.o
 .rel.text.find_main
                0x00000000        0x0 /usr/lib/gcc/i386-redhat-linux/4.1.2/../../../crt1.o
 .rel.text.func_exec
                0x00000000        0x0 /usr/lib/gcc/i386-redhat-linux/4.1.2/../../../crt1.o
 .rel.text.func_mmin
                0x00000000        0x0 /usr/lib/gcc/i386-redhat-linux/4.1.2/../../../crt1.o
 .rel.text.func_mtime
                0x00000000        0x0 /usr/lib/gcc/i386-redhat-linux/4.1.2/../../../crt1.o
 .rel.text.func_name
                0x00000000        0x0 /usr/lib/gcc/i386-redhat-linux/4.1.2/../../../crt1.o
 .rel.text.func_print0
                0x00000000        0x0 /usr/lib/gcc/i386-redhat-linux/4.1.2/../../../crt1.o
 .rel.text.func_print
                0x00000000        0x0 /usr/lib/gcc/i386-redhat-linux/4.1.2/../../../crt1.o
 .rel.text.add_grep_list_data
                0x00000000        0x0 /usr/lib/gcc/i386-redhat-linux/4.1.2/../../../crt1.o
 .rel.text.print_line
                0x00000000        0x0 /usr/lib/gcc/i386-redhat-linux/4.1.2/../../../crt1.o
 .rel.text.grep_file
                0x00000000        0x0 /usr/lib/gcc/i386-redhat-linux/4.1.2/../../../crt1.o
 .rel.text.grep_main
                0x00000000        0x0 /usr/lib/gcc/i386-redhat-linux/4.1.2/../../../crt1.o
 .rel.text.file_action_grep
                0x00000000        0x0 /usr/lib/gcc/i386-redhat-linux/4.1.2/../../../crt1.o
 .rel.text.xargs_exec
                0x00000000        0x0 /usr/lib/gcc/i386-redhat-linux/4.1.2/../../../crt1.o
 .rel.text.xargs_main
                0x00000000        0x0 /usr/lib/gcc/i386-redhat-linux/4.1.2/../../../crt1.o
 .rel.text.process0_stdin
                0x00000000        0x0 /usr/lib/gcc/i386-redhat-linux/4.1.2/../../../crt1.o
 .rel.text.process_stdin
                0x00000000        0x0 /usr/lib/gcc/i386-redhat-linux/4.1.2/../../../crt1.o
 .rel.text.halt_main
                0x00000000        0x0 /usr/lib/gcc/i386-redhat-linux/4.1.2/../../../crt1.o
 .rel.text.loop_forever
                0x00000000        0x0 /usr/lib/gcc/i386-redhat-linux/4.1.2/../../../crt1.o
 .rel.text.init_reboot
                0x00000000        0x0 /usr/lib/gcc/i386-redhat-linux/4.1.2/../../../crt1.o
 .rel.text.set_sane_term
                0x00000000        0x0 /usr/lib/gcc/i386-redhat-linux/4.1.2/../../../crt1.o
 .rel.text.new_init_action
                0x00000000        0x0 /usr/lib/gcc/i386-redhat-linux/4.1.2/../../../crt1.o
 .rel.text.delete_init_action
                0x00000000        0x0 /usr/lib/gcc/i386-redhat-linux/4.1.2/../../../crt1.o
 .rel.text.message
                0x00000000        0x0 /usr/lib/gcc/i386-redhat-linux/4.1.2/../../../crt1.o
 .rel.text.parse_inittab
                0x00000000        0x0 /usr/lib/gcc/i386-redhat-linux/4.1.2/../../../crt1.o
 .rel.text.stop_handler
                0x00000000        0x0 /usr/lib/gcc/i386-redhat-linux/4.1.2/../../../crt1.o
 .rel.text.shutdown_system
                0x00000000        0x0 /usr/lib/gcc/i386-redhat-linux/4.1.2/../../../crt1.o
 .rel.text.shutdown_signal
                0x00000000        0x0 /usr/lib/gcc/i386-redhat-linux/4.1.2/../../../crt1.o
 .rel.text.open_stdio_to_tty
                0x00000000        0x0 /usr/lib/gcc/i386-redhat-linux/4.1.2/../../../crt1.o
 .rel.text.run  0x00000000        0x0 /usr/lib/gcc/i386-redhat-linux/4.1.2/../../../crt1.o
 .rel.text.waitfor
                0x00000000        0x0 /usr/lib/gcc/i386-redhat-linux/4.1.2/../../../crt1.o
 .rel.text.run_actions
                0x00000000        0x0 /usr/lib/gcc/i386-redhat-linux/4.1.2/../../../crt1.o
 .rel.text.init_main
                0x00000000        0x0 /usr/lib/gcc/i386-redhat-linux/4.1.2/../../../crt1.o
 .rel.text.exec_signal
                0x00000000        0x0 /usr/lib/gcc/i386-redhat-linux/4.1.2/../../../crt1.o
 .rel.text.mesg_main
                0x00000000        0x0 /usr/lib/gcc/i386-redhat-linux/4.1.2/../../../crt1.o
 .rel.text.bb_ask_confirmation
                0x00000000        0x0 /usr/lib/gcc/i386-redhat-linux/4.1.2/../../../crt1.o
 .rel.text.get_ug_id
                0x00000000        0x0 /usr/lib/gcc/i386-redhat-linux/4.1.2/../../../crt1.o
 .rel.text.bb_getug
                0x00000000        0x0 /usr/lib/gcc/i386-redhat-linux/4.1.2/../../../crt1.o
 .rel.text.bb_getpwuid
                0x00000000        0x0 /usr/lib/gcc/i386-redhat-linux/4.1.2/../../../crt1.o
 .rel.text.xuname2uid
                0x00000000        0x0 /usr/lib/gcc/i386-redhat-linux/4.1.2/../../../crt1.o
 .rel.text.xgroup2gid
                0x00000000        0x0 /usr/lib/gcc/i386-redhat-linux/4.1.2/../../../crt1.o
 .rel.text.bb_getgrgid
                0x00000000        0x0 /usr/lib/gcc/i386-redhat-linux/4.1.2/../../../crt1.o
 .rel.text.ret_ERANGE
                0x00000000        0x0 /usr/lib/gcc/i386-redhat-linux/4.1.2/../../../crt1.o
 .rel.text.handle_errors
                0x00000000        0x0 /usr/lib/gcc/i386-redhat-linux/4.1.2/../../../crt1.o
 .rel.text.bb_strtol
                0x00000000        0x0 /usr/lib/gcc/i386-redhat-linux/4.1.2/../../../crt1.o
 .rel.text.bb_strtoul
                0x00000000        0x0 /usr/lib/gcc/i386-redhat-linux/4.1.2/../../../crt1.o
 .rel.text.bb_strtoll
                0x00000000        0x0 /usr/lib/gcc/i386-redhat-linux/4.1.2/../../../crt1.o
 .rel.text.bb_strtoull
                0x00000000        0x0 /usr/lib/gcc/i386-redhat-linux/4.1.2/../../../crt1.o
 .rel.text.chomp
                0x00000000        0x0 /usr/lib/gcc/i386-redhat-linux/4.1.2/../../../crt1.o
 .rel.text.index_in_substr_array
                0x00000000        0x0 /usr/lib/gcc/i386-redhat-linux/4.1.2/../../../crt1.o
 .rel.text.index_in_str_array
                0x00000000        0x0 /usr/lib/gcc/i386-redhat-linux/4.1.2/../../../crt1.o
 .rel.text.concat_path_file
                0x00000000        0x0 /usr/lib/gcc/i386-redhat-linux/4.1.2/../../../crt1.o
 .rel.text.ask_and_unlink
                0x00000000        0x0 /usr/lib/gcc/i386-redhat-linux/4.1.2/../../../crt1.o
 .rel.text.copy_file
                0x00000000        0x0 /usr/lib/gcc/i386-redhat-linux/4.1.2/../../../crt1.o
 .rel.text.bb_full_fd_action
                0x00000000        0x0 /usr/lib/gcc/i386-redhat-linux/4.1.2/../../../crt1.o
 .rel.text.bb_copyfd_exact_size
                0x00000000        0x0 /usr/lib/gcc/i386-redhat-linux/4.1.2/../../../crt1.o
 .rel.text.crc32_filltable
                0x00000000        0x0 /usr/lib/gcc/i386-redhat-linux/4.1.2/../../../crt1.o
 .rel.text.device_open
                0x00000000        0x0 /usr/lib/gcc/i386-redhat-linux/4.1.2/../../../crt1.o
 .rel.text.bb_dump_add
                0x00000000        0x0 /usr/lib/gcc/i386-redhat-linux/4.1.2/../../../crt1.o
 .rel.text.bb_dump_size
                0x00000000        0x0 /usr/lib/gcc/i386-redhat-linux/4.1.2/../../../crt1.o
 .rel.text.next
                0x00000000        0x0 /usr/lib/gcc/i386-redhat-linux/4.1.2/../../../crt1.o
 .rel.text.bb_dump_dump
                0x00000000        0x0 /usr/lib/gcc/i386-redhat-linux/4.1.2/../../../crt1.o
 .rel.text.bb_error_msg
                0x00000000        0x0 /usr/lib/gcc/i386-redhat-linux/4.1.2/../../../crt1.o
 .rel.text.sleep_and_die
                0x00000000        0x0 /usr/lib/gcc/i386-redhat-linux/4.1.2/../../../crt1.o
 .rel.text.bb_error_msg_and_die
                0x00000000        0x0 /usr/lib/gcc/i386-redhat-linux/4.1.2/../../../crt1.o
 .rel.text.execable_file
                0x00000000        0x0 /usr/lib/gcc/i386-redhat-linux/4.1.2/../../../crt1.o
 .rel.text.find_execable
                0x00000000        0x0 /usr/lib/gcc/i386-redhat-linux/4.1.2/../../../crt1.o
 .rel.text.exists_execable
                0x00000000        0x0 /usr/lib/gcc/i386-redhat-linux/4.1.2/../../../crt1.o
 .rel.text.fclose_if_not_stdin
                0x00000000        0x0 /usr/lib/gcc/i386-redhat-linux/4.1.2/../../../crt1.o
 .rel.text.fflush_stdout_and_exit
                0x00000000        0x0 /usr/lib/gcc/i386-redhat-linux/4.1.2/../../../crt1.o
 .rel.text.find_mount_point
                0x00000000        0x0 /usr/lib/gcc/i386-redhat-linux/4.1.2/../../../crt1.o
 .rel.text.find_pid_by_name
                0x00000000        0x0 /usr/lib/gcc/i386-redhat-linux/4.1.2/../../../crt1.o
 .rel.text.find_block_device
                0x00000000        0x0 /usr/lib/gcc/i386-redhat-linux/4.1.2/../../../crt1.o
 .rel.text.full_write
                0x00000000        0x0 /usr/lib/gcc/i386-redhat-linux/4.1.2/../../../crt1.o
 .rel.text.get_console_fd
                0x00000000        0x0 /usr/lib/gcc/i386-redhat-linux/4.1.2/../../../crt1.o
 .rel.text.bb_get_chunk_from_file
                0x00000000        0x0 /usr/lib/gcc/i386-redhat-linux/4.1.2/../../../crt1.o
 .rel.text.getopt32
                0x00000000        0x0 /usr/lib/gcc/i386-redhat-linux/4.1.2/../../../crt1.o
 .rel.text.make_human_readable_str
                0x00000000        0x0 /usr/lib/gcc/i386-redhat-linux/4.1.2/../../../crt1.o
 .rel.text.is_in_ino_dev_hashtable
                0x00000000        0x0 /usr/lib/gcc/i386-redhat-linux/4.1.2/../../../crt1.o
 .rel.text.add_to_ino_dev_hashtable
                0x00000000        0x0 /usr/lib/gcc/i386-redhat-linux/4.1.2/../../../crt1.o
 .rel.text.is_directory
                0x00000000        0x0 /usr/lib/gcc/i386-redhat-linux/4.1.2/../../../crt1.o
 .rel.text.last_char_is
                0x00000000        0x0 /usr/lib/gcc/i386-redhat-linux/4.1.2/../../../crt1.o
 .rel.text.llist_pop
                0x00000000        0x0 /usr/lib/gcc/i386-redhat-linux/4.1.2/../../../crt1.o
 .rel.text.llist_add_to_end
                0x00000000        0x0 /usr/lib/gcc/i386-redhat-linux/4.1.2/../../../crt1.o
 .rel.text.llist_add_to
                0x00000000        0x0 /usr/lib/gcc/i386-redhat-linux/4.1.2/../../../crt1.o
 .rel.text.bb_make_directory
                0x00000000        0x0 /usr/lib/gcc/i386-redhat-linux/4.1.2/../../../crt1.o
 .rel.text.md5_hash
                0x00000000        0x0 /usr/lib/gcc/i386-redhat-linux/4.1.2/../../../crt1.o
 .rel.text.bb_parse_mode
                0x00000000        0x0 /usr/lib/gcc/i386-redhat-linux/4.1.2/../../../crt1.o
 .rel.text.bb_perror_msg
                0x00000000        0x0 /usr/lib/gcc/i386-redhat-linux/4.1.2/../../../crt1.o
 .rel.text.bb_perror_msg_and_die
                0x00000000        0x0 /usr/lib/gcc/i386-redhat-linux/4.1.2/../../../crt1.o
 .rel.text.clear_cache
                0x00000000        0x0 /usr/lib/gcc/i386-redhat-linux/4.1.2/../../../crt1.o
 .rel.text.read_to_buf
                0x00000000        0x0 /usr/lib/gcc/i386-redhat-linux/4.1.2/../../../crt1.o
 .rel.text.free_procps_scan
                0x00000000        0x0 /usr/lib/gcc/i386-redhat-linux/4.1.2/../../../crt1.o
 .rel.text.alloc_procps_scan
                0x00000000        0x0 /usr/lib/gcc/i386-redhat-linux/4.1.2/../../../crt1.o
 .rel.text.procps_scan
                0x00000000        0x0 /usr/lib/gcc/i386-redhat-linux/4.1.2/../../../crt1.o
 .rel.text.get_cached
                0x00000000        0x0 /usr/lib/gcc/i386-redhat-linux/4.1.2/../../../crt1.o
 .rel.text.safe_read
                0x00000000        0x0 /usr/lib/gcc/i386-redhat-linux/4.1.2/../../../crt1.o
 .rel.text.read_close
                0x00000000        0x0 /usr/lib/gcc/i386-redhat-linux/4.1.2/../../../crt1.o
 .rel.text.xmalloc_open_read_close
                0x00000000        0x0 /usr/lib/gcc/i386-redhat-linux/4.1.2/../../../crt1.o
 .rel.text.open_read_close
                0x00000000        0x0 /usr/lib/gcc/i386-redhat-linux/4.1.2/../../../crt1.o
 .rel.text.reads
                0x00000000        0x0 /usr/lib/gcc/i386-redhat-linux/4.1.2/../../../crt1.o
 .rel.text.recursive_action
                0x00000000        0x0 /usr/lib/gcc/i386-redhat-linux/4.1.2/../../../crt1.o
 .rel.text.remove_file
                0x00000000        0x0 /usr/lib/gcc/i386-redhat-linux/4.1.2/../../../crt1.o
 .rel.text.safe_strncpy
                0x00000000        0x0 /usr/lib/gcc/i386-redhat-linux/4.1.2/../../../crt1.o
 .rel.text.safe_write
                0x00000000        0x0 /usr/lib/gcc/i386-redhat-linux/4.1.2/../../../crt1.o
 .rel.text.sha1_hash
                0x00000000        0x0 /usr/lib/gcc/i386-redhat-linux/4.1.2/../../../crt1.o
 .rel.text.skip_non_whitespace
                0x00000000        0x0 /usr/lib/gcc/i386-redhat-linux/4.1.2/../../../crt1.o
 .rel.text.skip_whitespace
                0x00000000        0x0 /usr/lib/gcc/i386-redhat-linux/4.1.2/../../../crt1.o
 .rel.text.get_signame
                0x00000000        0x0 /usr/lib/gcc/i386-redhat-linux/4.1.2/../../../crt1.o
 .rel.text.get_signum
                0x00000000        0x0 /usr/lib/gcc/i386-redhat-linux/4.1.2/../../../crt1.o
 .rel.text.bb_verror_msg
                0x00000000        0x0 /usr/lib/gcc/i386-redhat-linux/4.1.2/../../../crt1.o
 .rel.text.bb_vperror_msg
                0x00000000        0x0 /usr/lib/gcc/i386-redhat-linux/4.1.2/../../../crt1.o
 .rel.text.fopen_or_warn
                0x00000000        0x0 /usr/lib/gcc/i386-redhat-linux/4.1.2/../../../crt1.o
 .rel.text.fopen_or_warn_stdin
                0x00000000        0x0 /usr/lib/gcc/i386-redhat-linux/4.1.2/../../../crt1.o
 .rel.text.xstrtoul_range_sfx
                0x00000000        0x0 /usr/lib/gcc/i386-redhat-linux/4.1.2/../../../crt1.o
 .rel.text.xstrtoull_range_sfx
                0x00000000        0x0 /usr/lib/gcc/i386-redhat-linux/4.1.2/../../../crt1.o
 .rel.text.get_terminal_width_height
                0x00000000        0x0 /usr/lib/gcc/i386-redhat-linux/4.1.2/../../../crt1.o
 .rel.text.xstat
                0x00000000        0x0 /usr/lib/gcc/i386-redhat-linux/4.1.2/../../../crt1.o
 .rel.text.xlisten
                0x00000000        0x0 /usr/lib/gcc/i386-redhat-linux/4.1.2/../../../crt1.o
 .rel.text.xbind
                0x00000000        0x0 /usr/lib/gcc/i386-redhat-linux/4.1.2/../../../crt1.o
 .rel.text.xsocket
                0x00000000        0x0 /usr/lib/gcc/i386-redhat-linux/4.1.2/../../../crt1.o
 .rel.text.xdaemon
                0x00000000        0x0 /usr/lib/gcc/i386-redhat-linux/4.1.2/../../../crt1.o
 .rel.text.xopendir
                0x00000000        0x0 /usr/lib/gcc/i386-redhat-linux/4.1.2/../../../crt1.o
 .rel.text.warn_opendir
                0x00000000        0x0 /usr/lib/gcc/i386-redhat-linux/4.1.2/../../../crt1.o
 .rel.text.xchdir
                0x00000000        0x0 /usr/lib/gcc/i386-redhat-linux/4.1.2/../../../crt1.o
 .rel.text.xfflush_stdout
                0x00000000        0x0 /usr/lib/gcc/i386-redhat-linux/4.1.2/../../../crt1.o
 .rel.text.xprint_and_close_file
                0x00000000        0x0 /usr/lib/gcc/i386-redhat-linux/4.1.2/../../../crt1.o
 .rel.text.xasprintf
                0x00000000        0x0 /usr/lib/gcc/i386-redhat-linux/4.1.2/../../../crt1.o
 .rel.text.xlseek
                0x00000000        0x0 /usr/lib/gcc/i386-redhat-linux/4.1.2/../../../crt1.o
 .rel.text.fdlength
                0x00000000        0x0 /usr/lib/gcc/i386-redhat-linux/4.1.2/../../../crt1.o
 .rel.text.xsetuid
                0x00000000        0x0 /usr/lib/gcc/i386-redhat-linux/4.1.2/../../../crt1.o
 .rel.text.xsetgid
                0x00000000        0x0 /usr/lib/gcc/i386-redhat-linux/4.1.2/../../../crt1.o
 .rel.text.xsetenv
                0x00000000        0x0 /usr/lib/gcc/i386-redhat-linux/4.1.2/../../../crt1.o
 .rel.text.wait4pid
                0x00000000        0x0 /usr/lib/gcc/i386-redhat-linux/4.1.2/../../../crt1.o
 .rel.text.spawn
                0x00000000        0x0 /usr/lib/gcc/i386-redhat-linux/4.1.2/../../../crt1.o
 .rel.text.die_if_ferror
                0x00000000        0x0 /usr/lib/gcc/i386-redhat-linux/4.1.2/../../../crt1.o
 .rel.text.die_if_ferror_stdout
                0x00000000        0x0 /usr/lib/gcc/i386-redhat-linux/4.1.2/../../../crt1.o
 .rel.text.ndelay_off
                0x00000000        0x0 /usr/lib/gcc/i386-redhat-linux/4.1.2/../../../crt1.o
 .rel.text.ndelay_on
                0x00000000        0x0 /usr/lib/gcc/i386-redhat-linux/4.1.2/../../../crt1.o
 .rel.text.xopen3
                0x00000000        0x0 /usr/lib/gcc/i386-redhat-linux/4.1.2/../../../crt1.o
 .rel.text.bb_sanitize_stdio_maybe_daemonize
                0x00000000        0x0 /usr/lib/gcc/i386-redhat-linux/4.1.2/../../../crt1.o
 .rel.text.xfopen
                0x00000000        0x0 /usr/lib/gcc/i386-redhat-linux/4.1.2/../../../crt1.o
 .rel.text.xstrdup
                0x00000000        0x0 /usr/lib/gcc/i386-redhat-linux/4.1.2/../../../crt1.o
 .rel.text.xrealloc
                0x00000000        0x0 /usr/lib/gcc/i386-redhat-linux/4.1.2/../../../crt1.o
 .rel.text.xmalloc
                0x00000000        0x0 /usr/lib/gcc/i386-redhat-linux/4.1.2/../../../crt1.o
 .rel.text.xstrndup
                0x00000000        0x0 /usr/lib/gcc/i386-redhat-linux/4.1.2/../../../crt1.o
 .rel.text.xrealloc_getcwd_or_warn
                0x00000000        0x0 /usr/lib/gcc/i386-redhat-linux/4.1.2/../../../crt1.o
 .rel.text.xmalloc_realpath
                0x00000000        0x0 /usr/lib/gcc/i386-redhat-linux/4.1.2/../../../crt1.o
 .rel.text.xmalloc_readlink_or_warn
                0x00000000        0x0 /usr/lib/gcc/i386-redhat-linux/4.1.2/../../../crt1.o
 .rel.text.regcomp_or_errmsg
                0x00000000        0x0 /usr/lib/gcc/i386-redhat-linux/4.1.2/../../../crt1.o
 .rel.text.putpwent
                0x00000000        0x0 /usr/lib/gcc/i386-redhat-linux/4.1.2/../../../crt1.o
 .rel.text.putgrent
                0x00000000        0x0 /usr/lib/gcc/i386-redhat-linux/4.1.2/../../../crt1.o
 .rel.text.endgrent
                0x00000000        0x0 /usr/lib/gcc/i386-redhat-linux/4.1.2/../../../crt1.o
 .rel.text.endpwent
                0x00000000        0x0 /usr/lib/gcc/i386-redhat-linux/4.1.2/../../../crt1.o
 .rel.text.bb__pgsreader
                0x00000000        0x0 /usr/lib/gcc/i386-redhat-linux/4.1.2/../../../crt1.o
 .rel.text.initgroups
                0x00000000        0x0 /usr/lib/gcc/i386-redhat-linux/4.1.2/../../../crt1.o
 .rel.text.getgrent_r
                0x00000000        0x0 /usr/lib/gcc/i386-redhat-linux/4.1.2/../../../crt1.o
 .rel.text.getpwent_r
                0x00000000        0x0 /usr/lib/gcc/i386-redhat-linux/4.1.2/../../../crt1.o
 .rel.text.getgrgid_r
                0x00000000        0x0 /usr/lib/gcc/i386-redhat-linux/4.1.2/../../../crt1.o
 .rel.text.getpwuid_r
                0x00000000        0x0 /usr/lib/gcc/i386-redhat-linux/4.1.2/../../../crt1.o
 .rel.text.getgrnam_r
                0x00000000        0x0 /usr/lib/gcc/i386-redhat-linux/4.1.2/../../../crt1.o
 .rel.text.getpwnam_r
                0x00000000        0x0 /usr/lib/gcc/i386-redhat-linux/4.1.2/../../../crt1.o
 .rel.text.bb__parsegrent
                0x00000000        0x0 /usr/lib/gcc/i386-redhat-linux/4.1.2/../../../crt1.o
 .rel.text.bb__parsepwent
                0x00000000        0x0 /usr/lib/gcc/i386-redhat-linux/4.1.2/../../../crt1.o
 .rel.text.setgrent
                0x00000000        0x0 /usr/lib/gcc/i386-redhat-linux/4.1.2/../../../crt1.o
 .rel.text.setpwent
                0x00000000        0x0 /usr/lib/gcc/i386-redhat-linux/4.1.2/../../../crt1.o
 .rel.text.getpw
                0x00000000        0x0 /usr/lib/gcc/i386-redhat-linux/4.1.2/../../../crt1.o
 .rel.text.get_uidgid
                0x00000000        0x0 /usr/lib/gcc/i386-redhat-linux/4.1.2/../../../crt1.o
 .rel.text.parse_chown_usergroup_or_die
                0x00000000        0x0 /usr/lib/gcc/i386-redhat-linux/4.1.2/../../../crt1.o
 .rel.text.bcode
                0x00000000        0x0 /usr/lib/gcc/i386-redhat-linux/4.1.2/../../../crt1.o
 .rel.text.parse_speeds
                0x00000000        0x0 /usr/lib/gcc/i386-redhat-linux/4.1.2/../../../crt1.o
 .rel.text.xdup2
                0x00000000        0x0 /usr/lib/gcc/i386-redhat-linux/4.1.2/../../../crt1.o
 .rel.text.getty_main
                0x00000000        0x0 /usr/lib/gcc/i386-redhat-linux/4.1.2/../../../crt1.o
 .rel.text.login_main
                0x00000000        0x0 /usr/lib/gcc/i386-redhat-linux/4.1.2/../../../crt1.o
 .rel.text.nonblock
                0x00000000        0x0 /usr/lib/gcc/i386-redhat-linux/4.1.2/../../../crt1.o
 .rel.text.alarm_handler
                0x00000000        0x0 /usr/lib/gcc/i386-redhat-linux/4.1.2/../../../crt1.o
 .rel.text.crypt_make_salt
                0x00000000        0x0 /usr/lib/gcc/i386-redhat-linux/4.1.2/../../../crt1.o
 .rel.text.nuke_str
                0x00000000        0x0 /usr/lib/gcc/i386-redhat-linux/4.1.2/../../../crt1.o
 .rel.text.passwd_main
                0x00000000        0x0 /usr/lib/gcc/i386-redhat-linux/4.1.2/../../../crt1.o
 .rel.text.acquire_vt
                0x00000000        0x0 /usr/lib/gcc/i386-redhat-linux/4.1.2/../../../crt1.o
 .rel.text.release_vt
                0x00000000        0x0 /usr/lib/gcc/i386-redhat-linux/4.1.2/../../../crt1.o
 .rel.text.vlock_main
                0x00000000        0x0 /usr/lib/gcc/i386-redhat-linux/4.1.2/../../../crt1.o
 .rel.text.show_min_max
                0x00000000        0x0 /usr/lib/gcc/i386-redhat-linux/4.1.2/../../../crt1.o
 .rel.text.chrt_main
                0x00000000        0x0 /usr/lib/gcc/i386-redhat-linux/4.1.2/../../../crt1.o
 .rel.text.DeleteFile
                0x00000000        0x0 /usr/lib/gcc/i386-redhat-linux/4.1.2/../../../crt1.o
 .rel.text.crondlog
                0x00000000        0x0 /usr/lib/gcc/i386-redhat-linux/4.1.2/../../../crt1.o
 .rel.text.ParseField
                0x00000000        0x0 /usr/lib/gcc/i386-redhat-linux/4.1.2/../../../crt1.o
 .rel.text.SynchronizeFile
                0x00000000        0x0 /usr/lib/gcc/i386-redhat-linux/4.1.2/../../../crt1.o
 .rel.text.SynchronizeDir
                0x00000000        0x0 /usr/lib/gcc/i386-redhat-linux/4.1.2/../../../crt1.o
 .rel.text.crond_main
                0x00000000        0x0 /usr/lib/gcc/i386-redhat-linux/4.1.2/../../../crt1.o
 .rel.text.ChangeUser
                0x00000000        0x0 /usr/lib/gcc/i386-redhat-linux/4.1.2/../../../crt1.o
 .rel.text.crontab_main
                0x00000000        0x0 /usr/lib/gcc/i386-redhat-linux/4.1.2/../../../crt1.o
 .rel.text.eject_main
                0x00000000        0x0 /usr/lib/gcc/i386-redhat-linux/4.1.2/../../../crt1.o
 .rel.text.parse_xfermode
                0x00000000        0x0 /usr/lib/gcc/i386-redhat-linux/4.1.2/../../../crt1.o
 .rel.text.parse_opts
                0x00000000        0x0 /usr/lib/gcc/i386-redhat-linux/4.1.2/../../../crt1.o
 .rel.text.print_flag
                0x00000000        0x0 /usr/lib/gcc/i386-redhat-linux/4.1.2/../../../crt1.o
 .rel.text.on_off
                0x00000000        0x0 /usr/lib/gcc/i386-redhat-linux/4.1.2/../../../crt1.o
 .rel.text.print_timing
                0x00000000        0x0 /usr/lib/gcc/i386-redhat-linux/4.1.2/../../../crt1.o
 .rel.text.mode_loop
                0x00000000        0x0 /usr/lib/gcc/i386-redhat-linux/4.1.2/../../../crt1.o
 .rel.text.print_flag_on_off
                0x00000000        0x0 /usr/lib/gcc/i386-redhat-linux/4.1.2/../../../crt1.o
 .rel.text.xprint_ascii
                0x00000000        0x0 /usr/lib/gcc/i386-redhat-linux/4.1.2/../../../crt1.o
 .rel.text.identify
                0x00000000        0x0 /usr/lib/gcc/i386-redhat-linux/4.1.2/../../../crt1.o
 .rel.text.bb_ioctl_on_off
                0x00000000        0x0 /usr/lib/gcc/i386-redhat-linux/4.1.2/../../../crt1.o
 .rel.text.bb_ioctl
                0x00000000        0x0 /usr/lib/gcc/i386-redhat-linux/4.1.2/../../../crt1.o
 .rel.text.bb_ioctl_alt
                0x00000000        0x0 /usr/lib/gcc/i386-redhat-linux/4.1.2/../../../crt1.o
 .rel.text.seek_to_zero
                0x00000000        0x0 /usr/lib/gcc/i386-redhat-linux/4.1.2/../../../crt1.o
 .rel.text.read_big_block
                0x00000000        0x0 /usr/lib/gcc/i386-redhat-linux/4.1.2/../../../crt1.o
 .rel.text.flush_buffer_cache
                0x00000000        0x0 /usr/lib/gcc/i386-redhat-linux/4.1.2/../../../crt1.o
 .rel.text.do_time
                0x00000000        0x0 /usr/lib/gcc/i386-redhat-linux/4.1.2/../../../crt1.o
 .rel.text.process_dev
                0x00000000        0x0 /usr/lib/gcc/i386-redhat-linux/4.1.2/../../../crt1.o
 .rel.text.hdparm_main
                0x00000000        0x0 /usr/lib/gcc/i386-redhat-linux/4.1.2/../../../crt1.o
 .rel.text.last_main
                0x00000000        0x0 /usr/lib/gcc/i386-redhat-linux/4.1.2/../../../crt1.o
 .rel.text.print_hilite
                0x00000000        0x0 /usr/lib/gcc/i386-redhat-linux/4.1.2/../../../crt1.o
 .rel.text.clear_line
                0x00000000        0x0 /usr/lib/gcc/i386-redhat-linux/4.1.2/../../../crt1.o
 .rel.text.m_status_print
                0x00000000        0x0 /usr/lib/gcc/i386-redhat-linux/4.1.2/../../../crt1.o
 .rel.text.print_statusline
                0x00000000        0x0 /usr/lib/gcc/i386-redhat-linux/4.1.2/../../../crt1.o
 .rel.text.fill_match_lines
                0x00000000        0x0 /usr/lib/gcc/i386-redhat-linux/4.1.2/../../../crt1.o
 .rel.text.read_lines
                0x00000000        0x0 /usr/lib/gcc/i386-redhat-linux/4.1.2/../../../crt1.o
 .rel.text.print_found
                0x00000000        0x0 /usr/lib/gcc/i386-redhat-linux/4.1.2/../../../crt1.o
 .rel.text.print_ascii
                0x00000000        0x0 /usr/lib/gcc/i386-redhat-linux/4.1.2/../../../crt1.o
 .rel.text.buffer_print
                0x00000000        0x0 /usr/lib/gcc/i386-redhat-linux/4.1.2/../../../crt1.o
 .rel.text.reinitialize
                0x00000000        0x0 /usr/lib/gcc/i386-redhat-linux/4.1.2/../../../crt1.o
 .rel.text.change_file
                0x00000000        0x0 /usr/lib/gcc/i386-redhat-linux/4.1.2/../../../crt1.o
 .rel.text.set_tty_cooked
                0x00000000        0x0 /usr/lib/gcc/i386-redhat-linux/4.1.2/../../../crt1.o
 .rel.text.less_getch
                0x00000000        0x0 /usr/lib/gcc/i386-redhat-linux/4.1.2/../../../crt1.o
 .rel.text.less_exit
                0x00000000        0x0 /usr/lib/gcc/i386-redhat-linux/4.1.2/../../../crt1.o
 .rel.text.less_gets
                0x00000000        0x0 /usr/lib/gcc/i386-redhat-linux/4.1.2/../../../crt1.o
 .rel.text.examine_file
                0x00000000        0x0 /usr/lib/gcc/i386-redhat-linux/4.1.2/../../../crt1.o
 .rel.text.regex_process
                0x00000000        0x0 /usr/lib/gcc/i386-redhat-linux/4.1.2/../../../crt1.o
 .rel.text.less_main
                0x00000000        0x0 /usr/lib/gcc/i386-redhat-linux/4.1.2/../../../crt1.o
 .rel.text.sig_catcher
                0x00000000        0x0 /usr/lib/gcc/i386-redhat-linux/4.1.2/../../../crt1.o
 .rel.text.makedevs_main
                0x00000000        0x0 /usr/lib/gcc/i386-redhat-linux/4.1.2/../../../crt1.o
 .rel.text.mountpoint_main
                0x00000000        0x0 /usr/lib/gcc/i386-redhat-linux/4.1.2/../../../crt1.o
 .rel.text.runlevel_main
                0x00000000        0x0 /usr/lib/gcc/i386-redhat-linux/4.1.2/../../../crt1.o
 .rel.text.strings_main
                0x00000000        0x0 /usr/lib/gcc/i386-redhat-linux/4.1.2/../../../crt1.o
 .rel.text.run_command
                0x00000000        0x0 /usr/lib/gcc/i386-redhat-linux/4.1.2/../../../crt1.o
 .rel.text.ptok
                0x00000000        0x0 /usr/lib/gcc/i386-redhat-linux/4.1.2/../../../crt1.o
 .rel.text.time_main
                0x00000000        0x0 /usr/lib/gcc/i386-redhat-linux/4.1.2/../../../crt1.o
 .rel.text.watchdog_main
                0x00000000        0x0 /usr/lib/gcc/i386-redhat-linux/4.1.2/../../../crt1.o
 .rel.text.watchdog_shutdown
                0x00000000        0x0 /usr/lib/gcc/i386-redhat-linux/4.1.2/../../../crt1.o
 .rel.text.obj_elf_hash
                0x00000000        0x0 /usr/lib/gcc/i386-redhat-linux/4.1.2/../../../crt1.o
 .rel.text.insmod_ng_main
                0x00000000        0x0 /usr/lib/gcc/i386-redhat-linux/4.1.2/../../../crt1.o
 .rel.text.obj_load_order_prio
                0x00000000        0x0 /usr/lib/gcc/i386-redhat-linux/4.1.2/../../../crt1.o
 .rel.text.obj_find_section
                0x00000000        0x0 /usr/lib/gcc/i386-redhat-linux/4.1.2/../../../crt1.o
 .rel.text.obj_load
                0x00000000        0x0 /usr/lib/gcc/i386-redhat-linux/4.1.2/../../../crt1.o
 .rel.text.obj_gpl_license
                0x00000000        0x0 /usr/lib/gcc/i386-redhat-linux/4.1.2/../../../crt1.o
 .rel.text.get_modinfo_value
                0x00000000        0x0 /usr/lib/gcc/i386-redhat-linux/4.1.2/../../../crt1.o
 .rel.text.add_symbols_from
                0x00000000        0x0 /usr/lib/gcc/i386-redhat-linux/4.1.2/../../../crt1.o
 .rel.text.obj_string_patch
                0x00000000        0x0 /usr/lib/gcc/i386-redhat-linux/4.1.2/../../../crt1.o
 .rel.text.new_create_module_ksymtab
                0x00000000        0x0 /usr/lib/gcc/i386-redhat-linux/4.1.2/../../../crt1.o
 .rel.text.new_process_module_arguments
                0x00000000        0x0 /usr/lib/gcc/i386-redhat-linux/4.1.2/../../../crt1.o
 .rel.text.set_tainted
                0x00000000        0x0 /usr/lib/gcc/i386-redhat-linux/4.1.2/../../../crt1.o
 .rel.text.print_load_map
                0x00000000        0x0 /usr/lib/gcc/i386-redhat-linux/4.1.2/../../../crt1.o
 .rel.text.insmod_main
                0x00000000        0x0 /usr/lib/gcc/i386-redhat-linux/4.1.2/../../../crt1.o
 .rel.text.check_module_name_match
                0x00000000        0x0 /usr/lib/gcc/i386-redhat-linux/4.1.2/../../../crt1.o
 .rel.text.lsmod_main
                0x00000000        0x0 /usr/lib/gcc/i386-redhat-linux/4.1.2/../../../crt1.o
 .rel.text.already_loaded
                0x00000000        0x0 /usr/lib/gcc/i386-redhat-linux/4.1.2/../../../crt1.o
 .rel.text.parse_tag_value
                0x00000000        0x0 /usr/lib/gcc/i386-redhat-linux/4.1.2/../../../crt1.o
 .rel.text.include_conf
                0x00000000        0x0 /usr/lib/gcc/i386-redhat-linux/4.1.2/../../../crt1.o
 .rel.text.check_pattern
                0x00000000        0x0 /usr/lib/gcc/i386-redhat-linux/4.1.2/../../../crt1.o
 .rel.text.check_dep
                0x00000000        0x0 /usr/lib/gcc/i386-redhat-linux/4.1.2/../../../crt1.o
 .rel.text.mod_process
                0x00000000        0x0 /usr/lib/gcc/i386-redhat-linux/4.1.2/../../../crt1.o
 .rel.text.modprobe_main
                0x00000000        0x0 /usr/lib/gcc/i386-redhat-linux/4.1.2/../../../crt1.o
 .rel.text.rmmod_main
                0x00000000        0x0 /usr/lib/gcc/i386-redhat-linux/4.1.2/../../../crt1.o
 .rel.text.do_sethostname
                0x00000000        0x0 /usr/lib/gcc/i386-redhat-linux/4.1.2/../../../crt1.o
 .rel.text.hostname_main
                0x00000000        0x0 /usr/lib/gcc/i386-redhat-linux/4.1.2/../../../crt1.o
 .rel.text.ifconfig_main
                0x00000000        0x0 /usr/lib/gcc/i386-redhat-linux/4.1.2/../../../crt1.o
 .rel.text.next_word
                0x00000000        0x0 /usr/lib/gcc/i386-redhat-linux/4.1.2/../../../crt1.o
 .rel.text.addstr
                0x00000000        0x0 /usr/lib/gcc/i386-redhat-linux/4.1.2/../../../crt1.o
 .rel.text.find_iface_state
                0x00000000        0x0 /usr/lib/gcc/i386-redhat-linux/4.1.2/../../../crt1.o
 .rel.text.ifupdown_main
                0x00000000        0x0 /usr/lib/gcc/i386-redhat-linux/4.1.2/../../../crt1.o
 .rel.text.strncmpz
                0x00000000        0x0 /usr/lib/gcc/i386-redhat-linux/4.1.2/../../../crt1.o
 .rel.text.execute
                0x00000000        0x0 /usr/lib/gcc/i386-redhat-linux/4.1.2/../../../crt1.o
 .rel.text.setlocalenv
                0x00000000        0x0 /usr/lib/gcc/i386-redhat-linux/4.1.2/../../../crt1.o
 .rel.text.set_environ
                0x00000000        0x0 /usr/lib/gcc/i386-redhat-linux/4.1.2/../../../crt1.o
 .rel.text.doit
                0x00000000        0x0 /usr/lib/gcc/i386-redhat-linux/4.1.2/../../../crt1.o
 .rel.text.execute_all
                0x00000000        0x0 /usr/lib/gcc/i386-redhat-linux/4.1.2/../../../crt1.o
 .rel.text.unregister_rpc
                0x00000000        0x0 /usr/lib/gcc/i386-redhat-linux/4.1.2/../../../crt1.o
 .rel.text.goaway
                0x00000000        0x0 /usr/lib/gcc/i386-redhat-linux/4.1.2/../../../crt1.o
 .rel.text.reapchild
                0x00000000        0x0 /usr/lib/gcc/i386-redhat-linux/4.1.2/../../../crt1.o
 .rel.text.freeconfig
                0x00000000        0x0 /usr/lib/gcc/i386-redhat-linux/4.1.2/../../../crt1.o
 .rel.text.dupconfig
                0x00000000        0x0 /usr/lib/gcc/i386-redhat-linux/4.1.2/../../../crt1.o
 .rel.text.register_rpc
                0x00000000        0x0 /usr/lib/gcc/i386-redhat-linux/4.1.2/../../../crt1.o
 .rel.text.setup
                0x00000000        0x0 /usr/lib/gcc/i386-redhat-linux/4.1.2/../../../crt1.o
 .rel.text.echo_dg
                0x00000000        0x0 /usr/lib/gcc/i386-redhat-linux/4.1.2/../../../crt1.o
 .rel.text.initring
                0x00000000        0x0 /usr/lib/gcc/i386-redhat-linux/4.1.2/../../../crt1.o
 .rel.text.chargen_dg
                0x00000000        0x0 /usr/lib/gcc/i386-redhat-linux/4.1.2/../../../crt1.o
 .rel.text.inetd_setproctitle
                0x00000000        0x0 /usr/lib/gcc/i386-redhat-linux/4.1.2/../../../crt1.o
 .rel.text.chargen_stream
                0x00000000        0x0 /usr/lib/gcc/i386-redhat-linux/4.1.2/../../../crt1.o
 .rel.text.daytime_dg
                0x00000000        0x0 /usr/lib/gcc/i386-redhat-linux/4.1.2/../../../crt1.o
 .rel.text.daytime_stream
                0x00000000        0x0 /usr/lib/gcc/i386-redhat-linux/4.1.2/../../../crt1.o
 .rel.text.machtime
                0x00000000        0x0 /usr/lib/gcc/i386-redhat-linux/4.1.2/../../../crt1.o
 .rel.text.machtime_dg
                0x00000000        0x0 /usr/lib/gcc/i386-redhat-linux/4.1.2/../../../crt1.o
 .rel.text.machtime_stream
                0x00000000        0x0 /usr/lib/gcc/i386-redhat-linux/4.1.2/../../../crt1.o
 .rel.text.discard_dg
                0x00000000        0x0 /usr/lib/gcc/i386-redhat-linux/4.1.2/../../../crt1.o
 .rel.text.discard_stream
                0x00000000        0x0 /usr/lib/gcc/i386-redhat-linux/4.1.2/../../../crt1.o
 .rel.text.echo_stream
                0x00000000        0x0 /usr/lib/gcc/i386-redhat-linux/4.1.2/../../../crt1.o
 .rel.text.nextline
                0x00000000        0x0 /usr/lib/gcc/i386-redhat-linux/4.1.2/../../../crt1.o
 .rel.text.skip
                0x00000000        0x0 /usr/lib/gcc/i386-redhat-linux/4.1.2/../../../crt1.o
 .rel.text.getconfigent
                0x00000000        0x0 /usr/lib/gcc/i386-redhat-linux/4.1.2/../../../crt1.o
 .rel.text.config
                0x00000000        0x0 /usr/lib/gcc/i386-redhat-linux/4.1.2/../../../crt1.o
 .rel.text.inetd_main
                0x00000000        0x0 /usr/lib/gcc/i386-redhat-linux/4.1.2/../../../crt1.o
 .rel.text.get_hwtype
                0x00000000        0x0 /usr/lib/gcc/i386-redhat-linux/4.1.2/../../../crt1.o
 .rel.text.get_aftype
                0x00000000        0x0 /usr/lib/gcc/i386-redhat-linux/4.1.2/../../../crt1.o
 .rel.text.add_interface
                0x00000000        0x0 /usr/lib/gcc/i386-redhat-linux/4.1.2/../../../crt1.o
 .rel.text.if_readconf
                0x00000000        0x0 /usr/lib/gcc/i386-redhat-linux/4.1.2/../../../crt1.o
 .rel.text.if_readlist_proc
                0x00000000        0x0 /usr/lib/gcc/i386-redhat-linux/4.1.2/../../../crt1.o
 .rel.text.in_ether
                0x00000000        0x0 /usr/lib/gcc/i386-redhat-linux/4.1.2/../../../crt1.o
 .rel.text.do_if_fetch
                0x00000000        0x0 /usr/lib/gcc/i386-redhat-linux/4.1.2/../../../crt1.o
 .rel.text.print_bytes_scaled
                0x00000000        0x0 /usr/lib/gcc/i386-redhat-linux/4.1.2/../../../crt1.o
 .rel.text.UNSPEC_print
                0x00000000        0x0 /usr/lib/gcc/i386-redhat-linux/4.1.2/../../../crt1.o
 .rel.text.ife_print
                0x00000000        0x0 /usr/lib/gcc/i386-redhat-linux/4.1.2/../../../crt1.o
 .rel.text.display_interfaces
                0x00000000        0x0 /usr/lib/gcc/i386-redhat-linux/4.1.2/../../../crt1.o
 .rel.text.INET6_input
                0x00000000        0x0 /usr/lib/gcc/i386-redhat-linux/4.1.2/../../../crt1.o
 .rel.text.INET6_sprint
                0x00000000        0x0 /usr/lib/gcc/i386-redhat-linux/4.1.2/../../../crt1.o
 .rel.text.INET_input
                0x00000000        0x0 /usr/lib/gcc/i386-redhat-linux/4.1.2/../../../crt1.o
 .rel.text.INET_sprint
                0x00000000        0x0 /usr/lib/gcc/i386-redhat-linux/4.1.2/../../../crt1.o
 .rel.text.pr_ether
                0x00000000        0x0 /usr/lib/gcc/i386-redhat-linux/4.1.2/../../../crt1.o
 .rel.text.do_info
                0x00000000        0x0 /usr/lib/gcc/i386-redhat-linux/4.1.2/../../../crt1.o
 .rel.text.netstat_main
                0x00000000        0x0 /usr/lib/gcc/i386-redhat-linux/4.1.2/../../../crt1.o
 .rel.text.unix_do_one
                0x00000000        0x0 /usr/lib/gcc/i386-redhat-linux/4.1.2/../../../crt1.o
 .rel.text.snprint_ip_port
                0x00000000        0x0 /usr/lib/gcc/i386-redhat-linux/4.1.2/../../../crt1.o
 .rel.text.raw_do_one
                0x00000000        0x0 /usr/lib/gcc/i386-redhat-linux/4.1.2/../../../crt1.o
 .rel.text.udp_do_one
                0x00000000        0x0 /usr/lib/gcc/i386-redhat-linux/4.1.2/../../../crt1.o
 .rel.text.tcp_do_one
                0x00000000        0x0 /usr/lib/gcc/i386-redhat-linux/4.1.2/../../../crt1.o
 .rel.text.print_host
                0x00000000        0x0 /usr/lib/gcc/i386-redhat-linux/4.1.2/../../../crt1.o
 .rel.text.nslookup_main
                0x00000000        0x0 /usr/lib/gcc/i386-redhat-linux/4.1.2/../../../crt1.o
 .rel.text.sendping_tail
                0x00000000        0x0 /usr/lib/gcc/i386-redhat-linux/4.1.2/../../../crt1.o
 .rel.text.sendping6
                0x00000000        0x0 /usr/lib/gcc/i386-redhat-linux/4.1.2/../../../crt1.o
 .rel.text.sendping4
                0x00000000        0x0 /usr/lib/gcc/i386-redhat-linux/4.1.2/../../../crt1.o
 .rel.text.unpack_tail
                0x00000000        0x0 /usr/lib/gcc/i386-redhat-linux/4.1.2/../../../crt1.o
 .rel.text.ping6
                0x00000000        0x0 /usr/lib/gcc/i386-redhat-linux/4.1.2/../../../crt1.o
 .rel.text.ping4
                0x00000000        0x0 /usr/lib/gcc/i386-redhat-linux/4.1.2/../../../crt1.o
 .rel.text.pingstats
                0x00000000        0x0 /usr/lib/gcc/i386-redhat-linux/4.1.2/../../../crt1.o
 .rel.text.ping_main
                0x00000000        0x0 /usr/lib/gcc/i386-redhat-linux/4.1.2/../../../crt1.o
 .rel.text.kw_lookup
                0x00000000        0x0 /usr/lib/gcc/i386-redhat-linux/4.1.2/../../../crt1.o
 .rel.text.bb_displayroutes
                0x00000000        0x0 /usr/lib/gcc/i386-redhat-linux/4.1.2/../../../crt1.o
 .rel.text.route_main
                0x00000000        0x0 /usr/lib/gcc/i386-redhat-linux/4.1.2/../../../crt1.o
 .rel.text.putiac
                0x00000000        0x0 /usr/lib/gcc/i386-redhat-linux/4.1.2/../../../crt1.o
 .rel.text.fgotsig
                0x00000000        0x0 /usr/lib/gcc/i386-redhat-linux/4.1.2/../../../crt1.o
 .rel.text.iacflush
                0x00000000        0x0 /usr/lib/gcc/i386-redhat-linux/4.1.2/../../../crt1.o
 .rel.text.putiac2
                0x00000000        0x0 /usr/lib/gcc/i386-redhat-linux/4.1.2/../../../crt1.o
 .rel.text.setConMode
                0x00000000        0x0 /usr/lib/gcc/i386-redhat-linux/4.1.2/../../../crt1.o
 .rel.text.doexit
                0x00000000        0x0 /usr/lib/gcc/i386-redhat-linux/4.1.2/../../../crt1.o
 .rel.text.conescape
                0x00000000        0x0 /usr/lib/gcc/i386-redhat-linux/4.1.2/../../../crt1.o
 .rel.text.telnet_main
                0x00000000        0x0 /usr/lib/gcc/i386-redhat-linux/4.1.2/../../../crt1.o
 .rel.text.make_new_session
                0x00000000        0x0 /usr/lib/gcc/i386-redhat-linux/4.1.2/../../../crt1.o
 .rel.text.free_session
                0x00000000        0x0 /usr/lib/gcc/i386-redhat-linux/4.1.2/../../../crt1.o
 .rel.text.telnetd_main
                0x00000000        0x0 /usr/lib/gcc/i386-redhat-linux/4.1.2/../../../crt1.o
 .rel.text.tftp
                0x00000000        0x0 /usr/lib/gcc/i386-redhat-linux/4.1.2/../../../crt1.o
 .rel.text.tftp_main
                0x00000000        0x0 /usr/lib/gcc/i386-redhat-linux/4.1.2/../../../crt1.o
 .rel.text.ifaddrlist
                0x00000000        0x0 /usr/lib/gcc/i386-redhat-linux/4.1.2/../../../crt1.o
 .rel.text.gethostinfo
                0x00000000        0x0 /usr/lib/gcc/i386-redhat-linux/4.1.2/../../../crt1.o
 .rel.text.freehostinfo
                0x00000000        0x0 /usr/lib/gcc/i386-redhat-linux/4.1.2/../../../crt1.o
 .rel.text.traceroute_main
                0x00000000        0x0 /usr/lib/gcc/i386-redhat-linux/4.1.2/../../../crt1.o
 .rel.text.xfind_str
                0x00000000        0x0 /usr/lib/gcc/i386-redhat-linux/4.1.2/../../../crt1.o
 .rel.text.vconfig_main
                0x00000000        0x0 /usr/lib/gcc/i386-redhat-linux/4.1.2/../../../crt1.o
 .rel.text.base64enc
                0x00000000        0x0 /usr/lib/gcc/i386-redhat-linux/4.1.2/../../../crt1.o
 .rel.text.parse_url
                0x00000000        0x0 /usr/lib/gcc/i386-redhat-linux/4.1.2/../../../crt1.o
 .rel.text.gethdr
                0x00000000        0x0 /usr/lib/gcc/i386-redhat-linux/4.1.2/../../../crt1.o
 .rel.text.open_socket
                0x00000000        0x0 /usr/lib/gcc/i386-redhat-linux/4.1.2/../../../crt1.o
 .rel.text.safe_fgets
                0x00000000        0x0 /usr/lib/gcc/i386-redhat-linux/4.1.2/../../../crt1.o
 .rel.text.alarmtimer
                0x00000000        0x0 /usr/lib/gcc/i386-redhat-linux/4.1.2/../../../crt1.o
 .rel.text.progressmeter
                0x00000000        0x0 /usr/lib/gcc/i386-redhat-linux/4.1.2/../../../crt1.o
 .rel.text.updateprogressmeter
                0x00000000        0x0 /usr/lib/gcc/i386-redhat-linux/4.1.2/../../../crt1.o
 .rel.text.ftpcmd
                0x00000000        0x0 /usr/lib/gcc/i386-redhat-linux/4.1.2/../../../crt1.o
 .rel.text.wget_main
                0x00000000        0x0 /usr/lib/gcc/i386-redhat-linux/4.1.2/../../../crt1.o
 .rel.text.pick
                0x00000000        0x0 /usr/lib/gcc/i386-redhat-linux/4.1.2/../../../crt1.o
 .rel.text.arp  0x00000000        0x0 /usr/lib/gcc/i386-redhat-linux/4.1.2/../../../crt1.o
 .rel.text.zcip_main
                0x00000000        0x0 /usr/lib/gcc/i386-redhat-linux/4.1.2/../../../crt1.o
 .rel.text.alloc_dhcp_option
                0x00000000        0x0 /usr/lib/gcc/i386-redhat-linux/4.1.2/../../../crt1.o
 .rel.text.client_background
                0x00000000        0x0 /usr/lib/gcc/i386-redhat-linux/4.1.2/../../../crt1.o
 .rel.text.change_mode
                0x00000000        0x0 /usr/lib/gcc/i386-redhat-linux/4.1.2/../../../crt1.o
 .rel.text.perform_release
                0x00000000        0x0 /usr/lib/gcc/i386-redhat-linux/4.1.2/../../../crt1.o
 .rel.text.udhcpc_main
                0x00000000        0x0 /usr/lib/gcc/i386-redhat-linux/4.1.2/../../../crt1.o
 .rel.text.udhcp_add_option_string
                0x00000000        0x0 /usr/lib/gcc/i386-redhat-linux/4.1.2/../../../crt1.o
 .rel.text.udhcp_kernel_packet
                0x00000000        0x0 /usr/lib/gcc/i386-redhat-linux/4.1.2/../../../crt1.o
 .rel.text.udhcp_raw_packet
                0x00000000        0x0 /usr/lib/gcc/i386-redhat-linux/4.1.2/../../../crt1.o
 .rel.text.udhcp_get_packet
                0x00000000        0x0 /usr/lib/gcc/i386-redhat-linux/4.1.2/../../../crt1.o
 .rel.text.udhcp_init_header
                0x00000000        0x0 /usr/lib/gcc/i386-redhat-linux/4.1.2/../../../crt1.o
 .rel.text.sprintip
                0x00000000        0x0 /usr/lib/gcc/i386-redhat-linux/4.1.2/../../../crt1.o
 .rel.text.udhcp_run_script
                0x00000000        0x0 /usr/lib/gcc/i386-redhat-linux/4.1.2/../../../crt1.o
 .rel.text.udhcp_sp_read
                0x00000000        0x0 /usr/lib/gcc/i386-redhat-linux/4.1.2/../../../crt1.o
 .rel.text.udhcp_sp_fd_set
                0x00000000        0x0 /usr/lib/gcc/i386-redhat-linux/4.1.2/../../../crt1.o
 .rel.text.udhcp_sp_setup
                0x00000000        0x0 /usr/lib/gcc/i386-redhat-linux/4.1.2/../../../crt1.o
 .rel.text.signal_handler
                0x00000000        0x0 /usr/lib/gcc/i386-redhat-linux/4.1.2/../../../crt1.o
 .rel.text.udhcp_listen_socket
                0x00000000        0x0 /usr/lib/gcc/i386-redhat-linux/4.1.2/../../../crt1.o
 .rel.text.udhcp_read_interface
                0x00000000        0x0 /usr/lib/gcc/i386-redhat-linux/4.1.2/../../../crt1.o
 .rel.text.get_raw_packet
                0x00000000        0x0 /usr/lib/gcc/i386-redhat-linux/4.1.2/../../../crt1.o
 .rel.text.init_packet
                0x00000000        0x0 /usr/lib/gcc/i386-redhat-linux/4.1.2/../../../crt1.o
 .rel.text.send_renew
                0x00000000        0x0 /usr/lib/gcc/i386-redhat-linux/4.1.2/../../../crt1.o
 .rel.text.send_discover
                0x00000000        0x0 /usr/lib/gcc/i386-redhat-linux/4.1.2/../../../crt1.o
 .rel.text.send_selecting
                0x00000000        0x0 /usr/lib/gcc/i386-redhat-linux/4.1.2/../../../crt1.o
 .rel.text.random_xid
                0x00000000        0x0 /usr/lib/gcc/i386-redhat-linux/4.1.2/../../../crt1.o
 .rel.text.send_release
                0x00000000        0x0 /usr/lib/gcc/i386-redhat-linux/4.1.2/../../../crt1.o
 .rel.text.udhcp_start_log_and_pid
                0x00000000        0x0 /usr/lib/gcc/i386-redhat-linux/4.1.2/../../../crt1.o
 .rel.text.udhcp_background
                0x00000000        0x0 /usr/lib/gcc/i386-redhat-linux/4.1.2/../../../crt1.o
 .rel.text.uptime
                0x00000000        0x0 /usr/lib/gcc/i386-redhat-linux/4.1.2/../../../crt1.o
 .rel.text.udhcp_pidfile_write_release
                0x00000000        0x0 /usr/lib/gcc/i386-redhat-linux/4.1.2/../../../crt1.o
 .rel.text.udhcp_pidfile_acquire
                0x00000000        0x0 /usr/lib/gcc/i386-redhat-linux/4.1.2/../../../crt1.o
 .rel.text.pidfile_delete
                0x00000000        0x0 /usr/lib/gcc/i386-redhat-linux/4.1.2/../../../crt1.o
 .rel.text.free_main
                0x00000000        0x0 /usr/lib/gcc/i386-redhat-linux/4.1.2/../../../crt1.o
 .rel.text.fuser_file_to_dev_inode
                0x00000000        0x0 /usr/lib/gcc/i386-redhat-linux/4.1.2/../../../crt1.o
 .rel.text.fuser_scan_dir_links
                0x00000000        0x0 /usr/lib/gcc/i386-redhat-linux/4.1.2/../../../crt1.o
 .rel.text.fuser_main
                0x00000000        0x0 /usr/lib/gcc/i386-redhat-linux/4.1.2/../../../crt1.o
 .rel.text.kill_main
                0x00000000        0x0 /usr/lib/gcc/i386-redhat-linux/4.1.2/../../../crt1.o
 .rel.text.pidof_main
                0x00000000        0x0 /usr/lib/gcc/i386-redhat-linux/4.1.2/../../../crt1.o
 .rel.text.ps_main
                0x00000000        0x0 /usr/lib/gcc/i386-redhat-linux/4.1.2/../../../crt1.o
 .rel.text.renice_main
                0x00000000        0x0 /usr/lib/gcc/i386-redhat-linux/4.1.2/../../../crt1.o
 .rel.text.dwrite_str
                0x00000000        0x0 /usr/lib/gcc/i386-redhat-linux/4.1.2/../../../crt1.o
 .rel.text.sysctl_write_setting
                0x00000000        0x0 /usr/lib/gcc/i386-redhat-linux/4.1.2/../../../crt1.o
 .rel.text.sysctl_read_setting
                0x00000000        0x0 /usr/lib/gcc/i386-redhat-linux/4.1.2/../../../crt1.o
 .rel.text.sysctl_display_all
                0x00000000        0x0 /usr/lib/gcc/i386-redhat-linux/4.1.2/../../../crt1.o
 .rel.text.sysctl_main
                0x00000000        0x0 /usr/lib/gcc/i386-redhat-linux/4.1.2/../../../crt1.o
 .rel.text.reset_term
                0x00000000        0x0 /usr/lib/gcc/i386-redhat-linux/4.1.2/../../../crt1.o
 .rel.text.do_stats
                0x00000000        0x0 /usr/lib/gcc/i386-redhat-linux/4.1.2/../../../crt1.o
 .rel.text.clearmems
                0x00000000        0x0 /usr/lib/gcc/i386-redhat-linux/4.1.2/../../../crt1.o
 .rel.text.top_main
                0x00000000        0x0 /usr/lib/gcc/i386-redhat-linux/4.1.2/../../../crt1.o
 .rel.text.uptime_main
                0x00000000        0x0 /usr/lib/gcc/i386-redhat-linux/4.1.2/../../../crt1.o
 .rel.text.freealias
                0x00000000        0x0 /usr/lib/gcc/i386-redhat-linux/4.1.2/../../../crt1.o
 .rel.text.freeparam
                0x00000000        0x0 /usr/lib/gcc/i386-redhat-linux/4.1.2/../../../crt1.o
 .rel.text.freefunc
                0x00000000        0x0 /usr/lib/gcc/i386-redhat-linux/4.1.2/../../../crt1.o
 .rel.text.pstrcmp
                0x00000000        0x0 /usr/lib/gcc/i386-redhat-linux/4.1.2/../../../crt1.o
 .rel.text.msort
                0x00000000        0x0 /usr/lib/gcc/i386-redhat-linux/4.1.2/../../../crt1.o
 .rel.text.__lookupalias
                0x00000000        0x0 /usr/lib/gcc/i386-redhat-linux/4.1.2/../../../crt1.o
 .rel.text.ignoresig
                0x00000000        0x0 /usr/lib/gcc/i386-redhat-linux/4.1.2/../../../crt1.o
 .rel.text.raise_exception
                0x00000000        0x0 /usr/lib/gcc/i386-redhat-linux/4.1.2/../../../crt1.o
 .rel.text.raise_interrupt
                0x00000000        0x0 /usr/lib/gcc/i386-redhat-linux/4.1.2/../../../crt1.o
 .rel.text.delete_cmd_entry
                0x00000000        0x0 /usr/lib/gcc/i386-redhat-linux/4.1.2/../../../crt1.o
 .rel.text.clearcmdentry
                0x00000000        0x0 /usr/lib/gcc/i386-redhat-linux/4.1.2/../../../crt1.o
 .rel.text.removerecordregions
                0x00000000        0x0 /usr/lib/gcc/i386-redhat-linux/4.1.2/../../../crt1.o
 .rel.text.freejob
                0x00000000        0x0 /usr/lib/gcc/i386-redhat-linux/4.1.2/../../../crt1.o
 .rel.text.popstring
                0x00000000        0x0 /usr/lib/gcc/i386-redhat-linux/4.1.2/../../../crt1.o
 .rel.text.popfile
                0x00000000        0x0 /usr/lib/gcc/i386-redhat-linux/4.1.2/../../../crt1.o
 .rel.text.popstackmark
                0x00000000        0x0 /usr/lib/gcc/i386-redhat-linux/4.1.2/../../../crt1.o
 .rel.text.flush_stderr
                0x00000000        0x0 /usr/lib/gcc/i386-redhat-linux/4.1.2/../../../crt1.o
 .rel.text.flush_stdout_stderr
                0x00000000        0x0 /usr/lib/gcc/i386-redhat-linux/4.1.2/../../../crt1.o
 .rel.text.outcslow
                0x00000000        0x0 /usr/lib/gcc/i386-redhat-linux/4.1.2/../../../crt1.o
 .rel.text.showpipe
                0x00000000        0x0 /usr/lib/gcc/i386-redhat-linux/4.1.2/../../../crt1.o
 .rel.text.ash_vmsg
                0x00000000        0x0 /usr/lib/gcc/i386-redhat-linux/4.1.2/../../../crt1.o
 .rel.text.copyfd
                0x00000000        0x0 /usr/lib/gcc/i386-redhat-linux/4.1.2/../../../crt1.o
 .rel.text.popredir
                0x00000000        0x0 /usr/lib/gcc/i386-redhat-linux/4.1.2/../../../crt1.o
 .rel.text.unaliascmd
                0x00000000        0x0 /usr/lib/gcc/i386-redhat-linux/4.1.2/../../../crt1.o
 .rel.text.SIT  0x00000000        0x0 /usr/lib/gcc/i386-redhat-linux/4.1.2/../../../crt1.o
 .rel.text.lookupvar
                0x00000000        0x0 /usr/lib/gcc/i386-redhat-linux/4.1.2/../../../crt1.o
 .rel.text.bltinlookup
                0x00000000        0x0 /usr/lib/gcc/i386-redhat-linux/4.1.2/../../../crt1.o
 .rel.text.ckrealloc
                0x00000000        0x0 /usr/lib/gcc/i386-redhat-linux/4.1.2/../../../crt1.o
 .rel.text.ckstrdup
                0x00000000        0x0 /usr/lib/gcc/i386-redhat-linux/4.1.2/../../../crt1.o
 .rel.text.setvareq
                0x00000000        0x0 /usr/lib/gcc/i386-redhat-linux/4.1.2/../../../crt1.o
 .rel.text.setinputstring
                0x00000000        0x0 /usr/lib/gcc/i386-redhat-linux/4.1.2/../../../crt1.o
 .rel.text.pushstring
                0x00000000        0x0 /usr/lib/gcc/i386-redhat-linux/4.1.2/../../../crt1.o
 .rel.text.calcsize
                0x00000000        0x0 /usr/lib/gcc/i386-redhat-linux/4.1.2/../../../crt1.o
 .rel.text.growstackblock
                0x00000000        0x0 /usr/lib/gcc/i386-redhat-linux/4.1.2/../../../crt1.o
 .rel.text.cmdputs
                0x00000000        0x0 /usr/lib/gcc/i386-redhat-linux/4.1.2/../../../crt1.o
 .rel.text.stack_nputstr
                0x00000000        0x0 /usr/lib/gcc/i386-redhat-linux/4.1.2/../../../crt1.o
 .rel.text.stack_putstr
                0x00000000        0x0 /usr/lib/gcc/i386-redhat-linux/4.1.2/../../../crt1.o
 .rel.text.ststrdup
                0x00000000        0x0 /usr/lib/gcc/i386-redhat-linux/4.1.2/../../../crt1.o
 .rel.text.endofname
                0x00000000        0x0 /usr/lib/gcc/i386-redhat-linux/4.1.2/../../../crt1.o
 .rel.text.setvar
                0x00000000        0x0 /usr/lib/gcc/i386-redhat-linux/4.1.2/../../../crt1.o
 .rel.text.localcmd
                0x00000000        0x0 /usr/lib/gcc/i386-redhat-linux/4.1.2/../../../crt1.o
 .rel.text.unsetvar
                0x00000000        0x0 /usr/lib/gcc/i386-redhat-linux/4.1.2/../../../crt1.o
 .rel.text.setpwd
                0x00000000        0x0 /usr/lib/gcc/i386-redhat-linux/4.1.2/../../../crt1.o
 .rel.text.outstr